Acquiring state lock. This may take a few moments...
[0m[1mmodule.baseline.random_password.sql: Creating...[0m[0m
[0m[1mmodule.baseline.random_password.sql: Creation complete after 0s [id=none][0m
[0m[1mmodule.baseline.azuread_application.payments: Creating...[0m[0m
[0m[1mmodule.baseline.azuread_application.payments: Creation complete after 2s [id=/applications/44b0bd9c-6d65-4341-b6d0-6f83d02194b3][0m
[0m[1mmodule.baseline.azuread_application_password.payments: Creating...[0m[0m
[0m[1mmodule.baseline.azuread_service_principal.payments: Creating...[0m[0m
[0m[1mmodule.baseline.azuread_service_principal.payments: Creation complete after 3s [id=/servicePrincipals/c0b6c6d4-14d6-4b50-853d-b7fc785ab744][0m
[0m[1mmodule.baseline.azuread_application_password.payments: Creation complete after 6s [id=44b0bd9c-6d65-4341-b6d0-6f83d02194b3/password/94ab59c1-4df3-44a7-8124-a98ef50b0a95][0m
[0m[1mmodule.baseline.azurerm_resource_group.rg: Creating...[0m[0m
[0m[1mmodule.baseline.azurerm_resource_group.rg: Still creating... [00m10s elapsed][0m[0m
[0m[1mmodule.baseline.azurerm_resource_group.rg: Still creating... [00m20s elapsed][0m[0m
[0m[1mmodule.baseline.azurerm_resource_group.rg: Creation complete after 25s [id=/subscriptions/11635850-6fa9-4838-abb6-49352629e098/resourceGroups/rg-hardenedtest2][0m
[0m[1mmodule.baseline.azurerm_role_assignment.sp_payments: Creating...[0m[0m
[0m[1mmodule.baseline.azurerm_user_assigned_identity.storage: Creating...[0m[0m
[0m[1mmodule.baseline.azurerm_virtual_network.vnet: Creating...[0m[0m
[0m[1mmodule.baseline.azurerm_network_security_group.nsg: Creating...[0m[0m
[0m[1mmodule.baseline.azurerm_service_plan.serviceplan: Creating...[0m[0m
[0m[1mmodule.baseline.azurerm_key_vault.vault: Creating...[0m[0m
[0m[1mmodule.baseline.azurerm_log_analytics_workspace.law: Creating...[0m[0m
[0m[1mmodule.baseline.azurerm_mssql_server.sqlserver: Creating...[0m[0m
[0m[1mmodule.baseline.azurerm_storage_account.logs: Creating...[0m[0m
[0m[1mmodule.baseline.azurerm_user_assigned_identity.storage: Creation complete after 3s [id=/subscriptions/11635850-6fa9-4838-abb6-49352629e098/resourceGroups/rg-hardenedtest2/providers/Microsoft.ManagedIdentity/userAssignedIdentities/uai-hardenedtest2-storage][0m
[0m[1mmodule.baseline.azurerm_storage_account.data: Creating...[0m[0m
[0m[1mmodule.baseline.azurerm_network_security_group.nsg: Creation complete after 4s [id=/subscriptions/11635850-6fa9-4838-abb6-49352629e098/resourceGroups/rg-hardenedtest2/providers/Microsoft.Network/networkSecurityGroups/nsg-app][0m
[0m[1mmodule.baseline.azurerm_virtual_network.vnet: Creation complete after 7s [id=/subscriptions/11635850-6fa9-4838-abb6-49352629e098/resourceGroups/rg-hardenedtest2/providers/Microsoft.Network/virtualNetworks/vnet-payments][0m
[0m[1mmodule.baseline.azurerm_subnet.snet: Creating...[0m[0m
[0m[1mmodule.baseline.azurerm_role_assignment.sp_payments: Still creating... [00m10s elapsed][0m[0m
[0m[1mmodule.baseline.azurerm_service_plan.serviceplan: Still creating... [00m10s elapsed][0m[0m
[0m[1mmodule.baseline.azurerm_key_vault.vault: Still creating... [00m10s elapsed][0m[0m
[0m[1mmodule.baseline.azurerm_log_analytics_workspace.law: Still creating... [00m10s elapsed][0m[0m
[0m[1mmodule.baseline.azurerm_mssql_server.sqlserver: Still creating... [00m10s elapsed][0m[0m
[0m[1mmodule.baseline.azurerm_storage_account.logs: Still creating... [00m10s elapsed][0m[0m
[0m[1mmodule.baseline.azurerm_storage_account.data: Still creating... [00m10s elapsed][0m[0m
[0m[1mmodule.baseline.azurerm_subnet.snet: Creation complete after 8s [id=/subscriptions/11635850-6fa9-4838-abb6-49352629e098/resourceGroups/rg-hardenedtest2/providers/Microsoft.Network/virtualNetworks/vnet-payments/subnets/snet-app][0m
[0m[1mmodule.baseline.azurerm_subnet_network_security_group_association.app: Creating...[0m[0m
[0m[1mmodule.baseline.azurerm_role_assignment.sp_payments: Still creating... [00m20s elapsed][0m[0m
[0m[1mmodule.baseline.azurerm_service_plan.serviceplan: Still creating... [00m20s elapsed][0m[0m
[0m[1mmodule.baseline.azurerm_key_vault.vault: Still creating... [00m20s elapsed][0m[0m
[0m[1mmodule.baseline.azurerm_log_analytics_workspace.law: Still creating... [00m20s elapsed][0m[0m
[0m[1mmodule.baseline.azurerm_mssql_server.sqlserver: Still creating... [00m20s elapsed][0m[0m
[0m[1mmodule.baseline.azurerm_storage_account.logs: Still creating... [00m20s elapsed][0m[0m
[0m[1mmodule.baseline.azurerm_service_plan.serviceplan: Creation complete after 21s [id=/subscriptions/11635850-6fa9-4838-abb6-49352629e098/resourceGroups/rg-hardenedtest2/providers/Microsoft.Web/serverFarms/apphardenedtest2service][0m
[0m[1mmodule.baseline.azurerm_subnet_network_security_group_association.app: Creation complete after 6s [id=/subscriptions/11635850-6fa9-4838-abb6-49352629e098/resourceGroups/rg-hardenedtest2/providers/Microsoft.Network/virtualNetworks/vnet-payments/subnets/snet-app][0m
[0m[1mmodule.baseline.azurerm_storage_account.data: Still creating... [00m20s elapsed][0m[0m
[0m[1mmodule.baseline.azurerm_role_assignment.sp_payments: Creation complete after 28s [id=/subscriptions/11635850-6fa9-4838-abb6-49352629e098/resourceGroups/rg-hardenedtest2/providers/Microsoft.Authorization/roleAssignments/753deb84-b7c4-2635-008f-abfd13cab9d6][0m
[0m[1mmodule.baseline.azurerm_key_vault.vault: Still creating... [00m30s elapsed][0m[0m
[0m[1mmodule.baseline.azurerm_log_analytics_workspace.law: Still creating... [00m30s elapsed][0m[0m
[0m[1mmodule.baseline.azurerm_mssql_server.sqlserver: Still creating... [00m30s elapsed][0m[0m
[0m[1mmodule.baseline.azurerm_storage_account.logs: Still creating... [00m30s elapsed][0m[0m
[0m[1mmodule.baseline.azurerm_storage_account.data: Still creating... [00m30s elapsed][0m[0m
[0m[1mmodule.baseline.azurerm_key_vault.vault: Still creating... [00m40s elapsed][0m[0m
[0m[1mmodule.baseline.azurerm_mssql_server.sqlserver: Still creating... [00m40s elapsed][0m[0m
[0m[1mmodule.baseline.azurerm_log_analytics_workspace.law: Still creating... [00m40s elapsed][0m[0m
[0m[1mmodule.baseline.azurerm_storage_account.logs: Still creating... [00m40s elapsed][0m[0m
[0m[1mmodule.baseline.azurerm_storage_account.data: Still creating... [00m40s elapsed][0m[0m
[0m[1mmodule.baseline.azurerm_log_analytics_workspace.law: Creation complete after 46s [id=/subscriptions/11635850-6fa9-4838-abb6-49352629e098/resourceGroups/rg-hardenedtest2/providers/Microsoft.OperationalInsights/workspaces/law-hardenedtest2][0m
[0m[1mmodule.baseline.azurerm_key_vault.vault: Still creating... [00m50s elapsed][0m[0m
[0m[1mmodule.baseline.azurerm_mssql_server.sqlserver: Still creating... [00m50s elapsed][0m[0m
[0m[1mmodule.baseline.azurerm_storage_account.logs: Still creating... [00m50s elapsed][0m[0m
[0m[1mmodule.baseline.azurerm_storage_account.data: Still creating... [00m50s elapsed][0m[0m
[0m[1mmodule.baseline.azurerm_key_vault.vault: Still creating... [01m00s elapsed][0m[0m
[0m[1mmodule.baseline.azurerm_mssql_server.sqlserver: Still creating... [01m00s elapsed][0m[0m
[0m[1mmodule.baseline.azurerm_storage_account.logs: Still creating... [01m00s elapsed][0m[0m
[0m[1mmodule.baseline.azurerm_storage_account.data: Still creating... [01m00s elapsed][0m[0m
[0m[1mmodule.baseline.azurerm_key_vault.vault: Still creating... [01m10s elapsed][0m[0m
[0m[1mmodule.baseline.azurerm_mssql_server.sqlserver: Still creating... [01m10s elapsed][0m[0m
[0m[1mmodule.baseline.azurerm_storage_account.logs: Still creating... [01m10s elapsed][0m[0m
[0m[1mmodule.baseline.azurerm_storage_account.data: Still creating... [01m10s elapsed][0m[0m
[0m[1mmodule.baseline.azurerm_storage_account.logs: Creation complete after 1m19s [id=/subscriptions/11635850-6fa9-4838-abb6-49352629e098/resourceGroups/rg-hardenedtest2/providers/Microsoft.Storage/storageAccounts/sthardenedtest2logs][0m
[0m[1mmodule.baseline.azurerm_key_vault.vault: Still creating... [01m20s elapsed][0m[0m
[0m[1mmodule.baseline.azurerm_mssql_server.sqlserver: Still creating... [01m20s elapsed][0m[0m
[0m[1mmodule.baseline.azurerm_storage_account.data: Creation complete after 1m19s [id=/subscriptions/11635850-6fa9-4838-abb6-49352629e098/resourceGroups/rg-hardenedtest2/providers/Microsoft.Storage/storageAccounts/sthardenedtest2data][0m
[0m[1mmodule.baseline.azurerm_mssql_server.sqlserver: Creation complete after 1m26s [id=/subscriptions/11635850-6fa9-4838-abb6-49352629e098/resourceGroups/rg-hardenedtest2/providers/Microsoft.Sql/servers/sqlhardenedtest2server][0m
[0m[1mmodule.baseline.azurerm_mssql_database.mssqldb: Creating...[0m[0m
[0m[1mmodule.baseline.azurerm_key_vault.vault: Still creating... [01m30s elapsed][0m[0m
[0m[1mmodule.baseline.azurerm_mssql_database.mssqldb: Still creating... [00m10s elapsed][0m[0m
[0m[1mmodule.baseline.azurerm_key_vault.vault: Still creating... [01m40s elapsed][0m[0m
[0m[1mmodule.baseline.azurerm_mssql_database.mssqldb: Still creating... [00m20s elapsed][0m[0m
[0m[1mmodule.baseline.azurerm_key_vault.vault: Still creating... [01m50s elapsed][0m[0m
[0m[1mmodule.baseline.azurerm_mssql_database.mssqldb: Still creating... [00m30s elapsed][0m[0m
[0m[1mmodule.baseline.azurerm_key_vault.vault: Still creating... [02m00s elapsed][0m[0m
[0m[1mmodule.baseline.azurerm_mssql_database.mssqldb: Still creating... [00m40s elapsed][0m[0m
[0m[1mmodule.baseline.azurerm_key_vault.vault: Still creating... [02m10s elapsed][0m[0m
[0m[1mmodule.baseline.azurerm_mssql_database.mssqldb: Still creating... [00m50s elapsed][0m[0m
[0m[1mmodule.baseline.azurerm_key_vault.vault: Creation complete after 2m20s [id=/subscriptions/11635850-6fa9-4838-abb6-49352629e098/resourceGroups/rg-hardenedtest2/providers/Microsoft.KeyVault/vaults/vaulthardenedtest2][0m
[0m[1mmodule.baseline.azurerm_key_vault_access_policy.storage_uai: Creating...[0m[0m
[0m[1mmodule.baseline.azurerm_key_vault_access_policy.terraform_client: Creating...[0m[0m
[0m[1mmodule.baseline.azurerm_monitor_diagnostic_setting.kv[0]: Creating...[0m[0m
[0m[1mmodule.baseline.azurerm_mssql_database.mssqldb: Still creating... [01m00s elapsed][0m[0m
[0m[1mmodule.baseline.azurerm_key_vault_access_policy.storage_uai: Creation complete after 8s [id=/subscriptions/11635850-6fa9-4838-abb6-49352629e098/resourceGroups/rg-hardenedtest2/providers/Microsoft.KeyVault/vaults/vaulthardenedtest2/objectId/b765b459-f8df-41e0-847a-6ac8bec0055a][0m
[0m[1mmodule.baseline.azurerm_monitor_diagnostic_setting.kv[0]: Still creating... [00m10s elapsed][0m[0m
[0m[1mmodule.baseline.azurerm_key_vault_access_policy.terraform_client: Still creating... [00m10s elapsed][0m[0m
[0m[1mmodule.baseline.azurerm_monitor_diagnostic_setting.kv[0]: Creation complete after 14s [id=/subscriptions/11635850-6fa9-4838-abb6-49352629e098/resourceGroups/rg-hardenedtest2/providers/Microsoft.KeyVault/vaults/vaulthardenedtest2|diag-kv][0m
[0m[1mmodule.baseline.azurerm_mssql_database.mssqldb: Still creating... [01m10s elapsed][0m[0m
[0m[1mmodule.baseline.azurerm_key_vault_access_policy.terraform_client: Creation complete after 17s [id=/subscriptions/11635850-6fa9-4838-abb6-49352629e098/resourceGroups/rg-hardenedtest2/providers/Microsoft.KeyVault/vaults/vaulthardenedtest2/objectId/962419b0-2ba9-46d2-8915-2601f7a156c9][0m
[0m[1mmodule.baseline.time_sleep.wait_for_kv_policy: Creating...[0m[0m
[0m[1mmodule.baseline.azurerm_mssql_database.mssqldb: Still creating... [01m20s elapsed][0m[0m
[0m[1mmodule.baseline.time_sleep.wait_for_kv_policy: Still creating... [00m10s elapsed][0m[0m
[0m[1mmodule.baseline.azurerm_mssql_database.mssqldb: Still creating... [01m30s elapsed][0m[0m
[0m[1mmodule.baseline.time_sleep.wait_for_kv_policy: Still creating... [00m20s elapsed][0m[0m
[0m[1mmodule.baseline.azurerm_mssql_database.mssqldb: Still creating... [01m40s elapsed][0m[0m
[0m[1mmodule.baseline.time_sleep.wait_for_kv_policy: Still creating... [00m30s elapsed][0m[0m
[0m[1mmodule.baseline.time_sleep.wait_for_kv_policy: Creation complete after 30s [id=2026-08-06T01:33:56Z][0m
[0m[1mmodule.baseline.azurerm_key_vault_secret.sql_conn: Creating...[0m[0m
[0m[1mmodule.baseline.azurerm_key_vault_key.cmk[0]: Creating...[0m[0m
[0m[1mmodule.baseline.azurerm_mssql_database.mssqldb: Still creating... [01m50s elapsed][0m[0m
[0m[1mmodule.baseline.azurerm_key_vault_key.cmk[0]: Still creating... [00m10s elapsed][0m[0m
[0m[1mmodule.baseline.azurerm_key_vault_secret.sql_conn: Still creating... [00m10s elapsed][0m[0m
[0m[1mmodule.baseline.azurerm_mssql_database.mssqldb: Still creating... [02m00s elapsed][0m[0m
[0m[1mmodule.baseline.azurerm_key_vault_key.cmk[0]: Still creating... [00m20s elapsed][0m[0m
[0m[1mmodule.baseline.azurerm_key_vault_secret.sql_conn: Still creating... [00m20s elapsed][0m[0m
[0m[1mmodule.baseline.azurerm_mssql_database.mssqldb: Still creating... [02m10s elapsed][0m[0m
[0m[1mmodule.baseline.azurerm_mssql_database.mssqldb: Creation complete after 2m10s [id=/subscriptions/11635850-6fa9-4838-abb6-49352629e098/resourceGroups/rg-hardenedtest2/providers/Microsoft.Sql/servers/sqlhardenedtest2server/databases/mssqlhardenedtest2db][0m
[0m[1mmodule.baseline.azurerm_monitor_diagnostic_setting.sql[0]: Creating...[0m[0m
[0m[1mmodule.baseline.azurerm_key_vault_key.cmk[0]: Still creating... [00m30s elapsed][0m[0m
[0m[1mmodule.baseline.azurerm_key_vault_secret.sql_conn: Still creating... [00m30s elapsed][0m[0m
[0m[1mmodule.baseline.azurerm_monitor_diagnostic_setting.sql[0]: Still creating... [00m10s elapsed][0m[0m
[0m[1mmodule.baseline.azurerm_key_vault_secret.sql_conn: Still creating... [00m40s elapsed][0m[0m
[0m[1mmodule.baseline.azurerm_key_vault_key.cmk[0]: Still creating... [00m40s elapsed][0m[0m
[0m[1mmodule.baseline.azurerm_monitor_diagnostic_setting.sql[0]: Creation complete after 19s [id=/subscriptions/11635850-6fa9-4838-abb6-49352629e098/resourceGroups/rg-hardenedtest2/providers/Microsoft.Sql/servers/sqlhardenedtest2server/databases/mssqlhardenedtest2db|diag-sql][0m
[0m[1mmodule.baseline.azurerm_key_vault_key.cmk[0]: Still creating... [00m50s elapsed][0m[0m
[0m[1mmodule.baseline.azurerm_key_vault_secret.sql_conn: Still creating... [00m50s elapsed][0m[0m
[0m[1mmodule.baseline.azurerm_key_vault_secret.sql_conn: Still creating... [01m00s elapsed][0m[0m
[0m[1mmodule.baseline.azurerm_key_vault_key.cmk[0]: Still creating... [01m00s elapsed][0m[0m
[0m[1mmodule.baseline.azurerm_key_vault_secret.sql_conn: Still creating... [01m10s elapsed][0m[0m
[0m[1mmodule.baseline.azurerm_key_vault_key.cmk[0]: Still creating... [01m10s elapsed][0m[0m
[0m[1mmodule.baseline.azurerm_key_vault_key.cmk[0]: Still creating... [01m20s elapsed][0m[0m
[0m[1mmodule.baseline.azurerm_key_vault_secret.sql_conn: Still creating... [01m20s elapsed][0m[0m
[0m[1mmodule.baseline.azurerm_key_vault_key.cmk[0]: Still creating... [01m30s elapsed][0m[0m
[0m[1mmodule.baseline.azurerm_key_vault_secret.sql_conn: Still creating... [01m30s elapsed][0m[0m
[0m[1mmodule.baseline.azurerm_key_vault_secret.sql_conn: Still creating... [01m40s elapsed][0m[0m
[0m[1mmodule.baseline.azurerm_key_vault_key.cmk[0]: Still creating... [01m40s elapsed][0m[0m
[0m[1mmodule.baseline.azurerm_key_vault_key.cmk[0]: Still creating... [01m50s elapsed][0m[0m
[0m[1mmodule.baseline.azurerm_key_vault_secret.sql_conn: Still creating... [01m50s elapsed][0m[0m
[0m[1mmodule.baseline.azurerm_key_vault_secret.sql_conn: Still creating... [02m00s elapsed][0m[0m
[0m[1mmodule.baseline.azurerm_key_vault_key.cmk[0]: Still creating... [02m00s elapsed][0m[0m
[0m[1mmodule.baseline.azurerm_key_vault_secret.sql_conn: Creation complete after 2m3s [id=https://vaulthardenedtest2.vault.azure.net/secrets/sql-connection/78ff0b539c854acb90654a1d865bbe39][0m
[0m[1mmodule.baseline.azurerm_key_vault_key.cmk[0]: Creation complete after 2m3s [id=https://vaulthardenedtest2.vault.azure.net/keys/cmk-storage/f4f950516df541afafe369e2f28684c8][0m
[0m[1mmodule.baseline.azurerm_storage_account_customer_managed_key.data[0]: Creating...[0m[0m
[0m[1mmodule.baseline.azurerm_linux_function_app.functionapp: Creating...[0m[0m
[0m[1mmodule.baseline.azurerm_storage_account_customer_managed_key.data[0]: Creation complete after 3s [id=/subscriptions/11635850-6fa9-4838-abb6-49352629e098/resourceGroups/rg-hardenedtest2/providers/Microsoft.Storage/storageAccounts/sthardenedtest2data][0m
[0m[1mmodule.baseline.azurerm_linux_function_app.functionapp: Still creating... [00m10s elapsed][0m[0m
[0m[1mmodule.baseline.azurerm_linux_function_app.functionapp: Still creating... [00m20s elapsed][0m[0m
[0m[1mmodule.baseline.azurerm_linux_function_app.functionapp: Still creating... [00m30s elapsed][0m[0m
[0m[1mmodule.baseline.azurerm_linux_function_app.functionapp: Still creating... [00m40s elapsed][0m[0m
[0m[1mmodule.baseline.azurerm_linux_function_app.functionapp: Still creating... [00m50s elapsed][0m[0m
[0m[1mmodule.baseline.azurerm_linux_function_app.functionapp: Still creating... [01m00s elapsed][0m[0m
[0m[1mmodule.baseline.azurerm_linux_function_app.functionapp: Creation complete after 1m9s [id=/subscriptions/11635850-6fa9-4838-abb6-49352629e098/resourceGroups/rg-hardenedtest2/providers/Microsoft.Web/sites/functionhardenedtest2app][0m
[0m[1mmodule.baseline.azurerm_key_vault_access_policy.functionapp: Creating...[0m[0m
[0m[1mmodule.baseline.azurerm_role_assignment.func_identity: Creating...[0m[0m
[0m[1mmodule.baseline.azurerm_key_vault_access_policy.functionapp: Creation complete after 8s [id=/subscriptions/11635850-6fa9-4838-abb6-49352629e098/resourceGroups/rg-hardenedtest2/providers/Microsoft.KeyVault/vaults/vaulthardenedtest2/objectId/49951668-ac71-448b-9617-0bbd233963a7][0m
[0m[1mmodule.baseline.azurerm_role_assignment.func_identity: Still creating... [00m10s elapsed][0m[0m
[0m[1mmodule.baseline.azurerm_role_assignment.func_identity: Still creating... [00m20s elapsed][0m[0m
[0m[1mmodule.baseline.azurerm_role_assignment.func_identity: Creation complete after 28s [id=/subscriptions/11635850-6fa9-4838-abb6-49352629e098/resourceGroups/rg-hardenedtest2/providers/Microsoft.Authorization/roleAssignments/00ec9bd4-8afe-c2e9-dcf3-5a37dffe2b8c][0m
[33m╷[0m[0m
[33m│[0m [0m[1m[33mWarning: [0m[0m[1mArgument is deprecated[0m
[33m│[0m [0m
[33m│[0m [0m[0m  with module.baseline.azurerm_key_vault.vault,
[33m│[0m [0m  on ../../modules/baseline/main.tf line 55, in resource "azurerm_key_vault" "vault":
[33m│[0m [0m  55:   enable_rbac_authorization   = [4mfalse[0m[0m
[33m│[0m [0m
[33m│[0m [0mThis property has been renamed to `rbac_authorization_enabled` and will be
[33m│[0m [0mremoved in v5.0 of the provider
[33m│[0m [0m
[33m│[0m [0m(and 3 more similar warnings elsewhere)
[33m╵[0m[0m
Releasing state lock. This may take a few moments...
[0m[1m[32m
Apply complete! Resources: 29 added, 0 changed, 0 destroyed.[0m
