Acquiring state lock. This may take a few moments...
[0m[1mmodule.baseline.random_password.sql: Creating...[0m[0m
[0m[1mmodule.baseline.random_password.sql: Creation complete after 0s [id=none][0m
[0m[1mmodule.baseline.azuread_application.payments: Creating...[0m[0m
[0m[1mmodule.baseline.azuread_application.payments: Creation complete after 2s [id=/applications/1c591848-9006-4cf4-be3c-df7c75e1e3e1][0m
[0m[1mmodule.baseline.azuread_application_password.payments: Creating...[0m[0m
[0m[1mmodule.baseline.azuread_service_principal.payments: Creating...[0m[0m
[0m[1mmodule.baseline.azuread_service_principal.payments: Creation complete after 2s [id=/servicePrincipals/cacc6088-c029-483d-a346-b6d8d400dd4b][0m
[0m[1mmodule.baseline.azurerm_resource_group.rg: Creating...[0m[0m
[0m[1mmodule.baseline.azuread_application_password.payments: Creation complete after 6s [id=1c591848-9006-4cf4-be3c-df7c75e1e3e1/password/cb995b94-e773-4b3d-bc10-7cb6f55ddfd2][0m
[0m[1mmodule.baseline.azurerm_resource_group.rg: Still creating... [00m10s elapsed][0m[0m
[0m[1mmodule.baseline.azurerm_resource_group.rg: Still creating... [00m20s elapsed][0m[0m
[0m[1mmodule.baseline.azurerm_resource_group.rg: Creation complete after 25s [id=/subscriptions/11635850-6fa9-4838-abb6-49352629e098/resourceGroups/rg-mixed101][0m
[0m[1mmodule.baseline.azurerm_user_assigned_identity.storage: Creating...[0m[0m
[0m[1mmodule.baseline.azurerm_role_assignment.sp_payments: Creating...[0m[0m
[0m[1mmodule.baseline.azurerm_service_plan.serviceplan: Creating...[0m[0m
[0m[1mmodule.baseline.azurerm_network_security_group.nsg: Creating...[0m[0m
[0m[1mmodule.baseline.azurerm_virtual_network.vnet: Creating...[0m[0m
[0m[1mmodule.baseline.azurerm_key_vault.vault: Creating...[0m[0m
[0m[1mmodule.baseline.azurerm_log_analytics_workspace.law: Creating...[0m[0m
[0m[1mmodule.baseline.azurerm_mssql_server.sqlserver: Creating...[0m[0m
[0m[1mmodule.baseline.azurerm_storage_account.logs: Creating...[0m[0m
[0m[1mmodule.baseline.azurerm_user_assigned_identity.storage: Creation complete after 3s [id=/subscriptions/11635850-6fa9-4838-abb6-49352629e098/resourceGroups/rg-mixed101/providers/Microsoft.ManagedIdentity/userAssignedIdentities/uai-mixed101-storage][0m
[0m[1mmodule.baseline.azurerm_storage_account.data: Creating...[0m[0m
[0m[1mmodule.baseline.azurerm_network_security_group.nsg: Creation complete after 3s [id=/subscriptions/11635850-6fa9-4838-abb6-49352629e098/resourceGroups/rg-mixed101/providers/Microsoft.Network/networkSecurityGroups/nsg-app][0m
[0m[1mmodule.baseline.azurerm_network_security_rule.mgmt[0]: Creating...[0m[0m
[0m[1mmodule.baseline.azurerm_virtual_network.vnet: Creation complete after 6s [id=/subscriptions/11635850-6fa9-4838-abb6-49352629e098/resourceGroups/rg-mixed101/providers/Microsoft.Network/virtualNetworks/vnet-payments][0m
[0m[1mmodule.baseline.azurerm_subnet.snet: Creating...[0m[0m
[0m[1mmodule.baseline.azurerm_network_security_rule.mgmt[0]: Creation complete after 4s [id=/subscriptions/11635850-6fa9-4838-abb6-49352629e098/resourceGroups/rg-mixed101/providers/Microsoft.Network/networkSecurityGroups/nsg-app/securityRules/allow-rdp-ssh][0m
[0m[1mmodule.baseline.azurerm_role_assignment.sp_payments: Still creating... [00m10s elapsed][0m[0m
[0m[1mmodule.baseline.azurerm_service_plan.serviceplan: Still creating... [00m10s elapsed][0m[0m
[0m[1mmodule.baseline.azurerm_key_vault.vault: Still creating... [00m10s elapsed][0m[0m
[0m[1mmodule.baseline.azurerm_log_analytics_workspace.law: Still creating... [00m10s elapsed][0m[0m
[0m[1mmodule.baseline.azurerm_mssql_server.sqlserver: Still creating... [00m10s elapsed][0m[0m
[0m[1mmodule.baseline.azurerm_storage_account.logs: Still creating... [00m10s elapsed][0m[0m
[0m[1mmodule.baseline.azurerm_subnet.snet: Creation complete after 6s [id=/subscriptions/11635850-6fa9-4838-abb6-49352629e098/resourceGroups/rg-mixed101/providers/Microsoft.Network/virtualNetworks/vnet-payments/subnets/snet-app][0m
[0m[1mmodule.baseline.azurerm_subnet_network_security_group_association.app: Creating...[0m[0m
[0m[1mmodule.baseline.azurerm_storage_account.data: Still creating... [00m10s elapsed][0m[0m
[0m[1mmodule.baseline.azurerm_subnet_network_security_group_association.app: Creation complete after 6s [id=/subscriptions/11635850-6fa9-4838-abb6-49352629e098/resourceGroups/rg-mixed101/providers/Microsoft.Network/virtualNetworks/vnet-payments/subnets/snet-app][0m
[0m[1mmodule.baseline.azurerm_role_assignment.sp_payments: Still creating... [00m20s elapsed][0m[0m
[0m[1mmodule.baseline.azurerm_service_plan.serviceplan: Still creating... [00m20s elapsed][0m[0m
[0m[1mmodule.baseline.azurerm_key_vault.vault: Still creating... [00m20s elapsed][0m[0m
[0m[1mmodule.baseline.azurerm_log_analytics_workspace.law: Still creating... [00m20s elapsed][0m[0m
[0m[1mmodule.baseline.azurerm_mssql_server.sqlserver: Still creating... [00m20s elapsed][0m[0m
[0m[1mmodule.baseline.azurerm_storage_account.logs: Still creating... [00m20s elapsed][0m[0m
[0m[1mmodule.baseline.azurerm_service_plan.serviceplan: Creation complete after 20s [id=/subscriptions/11635850-6fa9-4838-abb6-49352629e098/resourceGroups/rg-mixed101/providers/Microsoft.Web/serverFarms/appmixed101service][0m
[0m[1mmodule.baseline.azurerm_storage_account.data: Still creating... [00m20s elapsed][0m[0m
[0m[1mmodule.baseline.azurerm_role_assignment.sp_payments: Still creating... [00m30s elapsed][0m[0m
[0m[1mmodule.baseline.azurerm_key_vault.vault: Still creating... [00m30s elapsed][0m[0m
[0m[1mmodule.baseline.azurerm_log_analytics_workspace.law: Still creating... [00m30s elapsed][0m[0m
[0m[1mmodule.baseline.azurerm_mssql_server.sqlserver: Still creating... [00m30s elapsed][0m[0m
[0m[1mmodule.baseline.azurerm_storage_account.logs: Still creating... [00m30s elapsed][0m[0m
[0m[1mmodule.baseline.azurerm_storage_account.data: Still creating... [00m30s elapsed][0m[0m
[0m[1mmodule.baseline.azurerm_role_assignment.sp_payments: Creation complete after 39s [id=/subscriptions/11635850-6fa9-4838-abb6-49352629e098/providers/Microsoft.Authorization/roleAssignments/77fffdc1-5fb2-d266-ba6f-1760b6e6344e][0m
[0m[1mmodule.baseline.azurerm_key_vault.vault: Still creating... [00m40s elapsed][0m[0m
[0m[1mmodule.baseline.azurerm_log_analytics_workspace.law: Still creating... [00m40s elapsed][0m[0m
[0m[1mmodule.baseline.azurerm_mssql_server.sqlserver: Still creating... [00m40s elapsed][0m[0m
[0m[1mmodule.baseline.azurerm_storage_account.logs: Still creating... [00m40s elapsed][0m[0m
[0m[1mmodule.baseline.azurerm_storage_account.data: Still creating... [00m40s elapsed][0m[0m
[0m[1mmodule.baseline.azurerm_log_analytics_workspace.law: Creation complete after 46s [id=/subscriptions/11635850-6fa9-4838-abb6-49352629e098/resourceGroups/rg-mixed101/providers/Microsoft.OperationalInsights/workspaces/law-mixed101][0m
[0m[1mmodule.baseline.azurerm_key_vault.vault: Still creating... [00m50s elapsed][0m[0m
[0m[1mmodule.baseline.azurerm_mssql_server.sqlserver: Still creating... [00m50s elapsed][0m[0m
[0m[1mmodule.baseline.azurerm_storage_account.logs: Still creating... [00m50s elapsed][0m[0m
[0m[1mmodule.baseline.azurerm_storage_account.data: Still creating... [00m50s elapsed][0m[0m
[0m[1mmodule.baseline.azurerm_key_vault.vault: Still creating... [01m00s elapsed][0m[0m
[0m[1mmodule.baseline.azurerm_mssql_server.sqlserver: Still creating... [01m00s elapsed][0m[0m
[0m[1mmodule.baseline.azurerm_storage_account.logs: Still creating... [01m00s elapsed][0m[0m
[0m[1mmodule.baseline.azurerm_storage_account.data: Still creating... [01m00s elapsed][0m[0m
[0m[1mmodule.baseline.azurerm_key_vault.vault: Still creating... [01m10s elapsed][0m[0m
[0m[1mmodule.baseline.azurerm_mssql_server.sqlserver: Still creating... [01m10s elapsed][0m[0m
[0m[1mmodule.baseline.azurerm_storage_account.logs: Still creating... [01m10s elapsed][0m[0m
[0m[1mmodule.baseline.azurerm_storage_account.data: Still creating... [01m10s elapsed][0m[0m
[0m[1mmodule.baseline.azurerm_storage_account.logs: Creation complete after 1m17s [id=/subscriptions/11635850-6fa9-4838-abb6-49352629e098/resourceGroups/rg-mixed101/providers/Microsoft.Storage/storageAccounts/stmixed101logs][0m
[0m[1mmodule.baseline.azurerm_storage_account.data: Creation complete after 1m17s [id=/subscriptions/11635850-6fa9-4838-abb6-49352629e098/resourceGroups/rg-mixed101/providers/Microsoft.Storage/storageAccounts/stmixed101data][0m
[0m[1mmodule.baseline.azurerm_key_vault.vault: Still creating... [01m20s elapsed][0m[0m
[0m[1mmodule.baseline.azurerm_mssql_server.sqlserver: Still creating... [01m20s elapsed][0m[0m
[0m[1mmodule.baseline.azurerm_mssql_server.sqlserver: Creation complete after 1m24s [id=/subscriptions/11635850-6fa9-4838-abb6-49352629e098/resourceGroups/rg-mixed101/providers/Microsoft.Sql/servers/sqlmixed101server][0m
[0m[1mmodule.baseline.azurerm_mssql_database.mssqldb: Creating...[0m[0m
[0m[1mmodule.baseline.azurerm_key_vault.vault: Still creating... [01m30s elapsed][0m[0m
[0m[1mmodule.baseline.azurerm_mssql_database.mssqldb: Still creating... [00m10s elapsed][0m[0m
[0m[1mmodule.baseline.azurerm_key_vault.vault: Still creating... [01m40s elapsed][0m[0m
[0m[1mmodule.baseline.azurerm_mssql_database.mssqldb: Still creating... [00m20s elapsed][0m[0m
[0m[1mmodule.baseline.azurerm_key_vault.vault: Still creating... [01m50s elapsed][0m[0m
[0m[1mmodule.baseline.azurerm_mssql_database.mssqldb: Still creating... [00m30s elapsed][0m[0m
[0m[1mmodule.baseline.azurerm_key_vault.vault: Still creating... [02m00s elapsed][0m[0m
[0m[1mmodule.baseline.azurerm_mssql_database.mssqldb: Still creating... [00m40s elapsed][0m[0m
[0m[1mmodule.baseline.azurerm_key_vault.vault: Still creating... [02m10s elapsed][0m[0m
[0m[1mmodule.baseline.azurerm_mssql_database.mssqldb: Still creating... [00m50s elapsed][0m[0m
[0m[1mmodule.baseline.azurerm_key_vault.vault: Still creating... [02m20s elapsed][0m[0m
[0m[1mmodule.baseline.azurerm_key_vault.vault: Creation complete after 2m21s [id=/subscriptions/11635850-6fa9-4838-abb6-49352629e098/resourceGroups/rg-mixed101/providers/Microsoft.KeyVault/vaults/vaultmixed101][0m
[0m[1mmodule.baseline.azurerm_key_vault_access_policy.storage_uai: Creating...[0m[0m
[0m[1mmodule.baseline.azurerm_monitor_diagnostic_setting.kv[0]: Creating...[0m[0m
[0m[1mmodule.baseline.azurerm_key_vault_access_policy.terraform_client: Creating...[0m[0m
[0m[1mmodule.baseline.azurerm_mssql_database.mssqldb: Still creating... [01m00s elapsed][0m[0m
[0m[1mmodule.baseline.azurerm_key_vault_access_policy.storage_uai: Creation complete after 8s [id=/subscriptions/11635850-6fa9-4838-abb6-49352629e098/resourceGroups/rg-mixed101/providers/Microsoft.KeyVault/vaults/vaultmixed101/objectId/e0f70802-280a-4a5a-b12d-62031823fdd5][0m
[0m[1mmodule.baseline.azurerm_monitor_diagnostic_setting.kv[0]: Still creating... [00m10s elapsed][0m[0m
[0m[1mmodule.baseline.azurerm_key_vault_access_policy.terraform_client: Still creating... [00m10s elapsed][0m[0m
[0m[1mmodule.baseline.azurerm_mssql_database.mssqldb: Still creating... [01m10s elapsed][0m[0m
[0m[1mmodule.baseline.azurerm_monitor_diagnostic_setting.kv[0]: Creation complete after 15s [id=/subscriptions/11635850-6fa9-4838-abb6-49352629e098/resourceGroups/rg-mixed101/providers/Microsoft.KeyVault/vaults/vaultmixed101|diag-kv][0m
[0m[1mmodule.baseline.azurerm_key_vault_access_policy.terraform_client: Creation complete after 16s [id=/subscriptions/11635850-6fa9-4838-abb6-49352629e098/resourceGroups/rg-mixed101/providers/Microsoft.KeyVault/vaults/vaultmixed101/objectId/962419b0-2ba9-46d2-8915-2601f7a156c9][0m
[0m[1mmodule.baseline.time_sleep.wait_for_kv_policy: Creating...[0m[0m
[0m[1mmodule.baseline.azurerm_mssql_database.mssqldb: Still creating... [01m20s elapsed][0m[0m
[0m[1mmodule.baseline.time_sleep.wait_for_kv_policy: Still creating... [00m10s elapsed][0m[0m
[0m[1mmodule.baseline.azurerm_mssql_database.mssqldb: Still creating... [01m30s elapsed][0m[0m
[0m[1mmodule.baseline.time_sleep.wait_for_kv_policy: Still creating... [00m20s elapsed][0m[0m
[0m[1mmodule.baseline.azurerm_mssql_database.mssqldb: Still creating... [01m40s elapsed][0m[0m
[0m[1mmodule.baseline.time_sleep.wait_for_kv_policy: Still creating... [00m30s elapsed][0m[0m
[0m[1mmodule.baseline.time_sleep.wait_for_kv_policy: Creation complete after 30s [id=2026-08-04T18:39:03Z][0m
[0m[1mmodule.baseline.azurerm_key_vault_secret.sql_conn: Creating...[0m[0m
[0m[1mmodule.baseline.azurerm_key_vault_key.cmk[0]: Creating...[0m[0m
[0m[1mmodule.baseline.azurerm_mssql_database.mssqldb: Still creating... [01m50s elapsed][0m[0m
[0m[1mmodule.baseline.azurerm_key_vault_secret.sql_conn: Still creating... [00m10s elapsed][0m[0m
[0m[1mmodule.baseline.azurerm_key_vault_key.cmk[0]: Still creating... [00m10s elapsed][0m[0m
[0m[1mmodule.baseline.azurerm_mssql_database.mssqldb: Still creating... [02m00s elapsed][0m[0m
[0m[1mmodule.baseline.azurerm_key_vault_secret.sql_conn: Still creating... [00m20s elapsed][0m[0m
[0m[1mmodule.baseline.azurerm_key_vault_key.cmk[0]: Still creating... [00m20s elapsed][0m[0m
[0m[1mmodule.baseline.azurerm_mssql_database.mssqldb: Still creating... [02m10s elapsed][0m[0m
[0m[1mmodule.baseline.azurerm_key_vault_key.cmk[0]: Still creating... [00m30s elapsed][0m[0m
[0m[1mmodule.baseline.azurerm_key_vault_secret.sql_conn: Still creating... [00m30s elapsed][0m[0m
[0m[1mmodule.baseline.azurerm_mssql_database.mssqldb: Still creating... [02m20s elapsed][0m[0m
[0m[1mmodule.baseline.azurerm_key_vault_key.cmk[0]: Still creating... [00m40s elapsed][0m[0m
[0m[1mmodule.baseline.azurerm_key_vault_secret.sql_conn: Still creating... [00m40s elapsed][0m[0m
[0m[1mmodule.baseline.azurerm_mssql_database.mssqldb: Creation complete after 2m26s [id=/subscriptions/11635850-6fa9-4838-abb6-49352629e098/resourceGroups/rg-mixed101/providers/Microsoft.Sql/servers/sqlmixed101server/databases/mssqlmixed101db][0m
[0m[1mmodule.baseline.azurerm_monitor_diagnostic_setting.sql[0]: Creating...[0m[0m
[0m[1mmodule.baseline.azurerm_key_vault_secret.sql_conn: Still creating... [00m50s elapsed][0m[0m
[0m[1mmodule.baseline.azurerm_key_vault_key.cmk[0]: Still creating... [00m50s elapsed][0m[0m
[0m[1mmodule.baseline.azurerm_monitor_diagnostic_setting.sql[0]: Still creating... [00m10s elapsed][0m[0m
[0m[1mmodule.baseline.azurerm_key_vault_secret.sql_conn: Still creating... [01m00s elapsed][0m[0m
[0m[1mmodule.baseline.azurerm_key_vault_key.cmk[0]: Still creating... [01m00s elapsed][0m[0m
[0m[1mmodule.baseline.azurerm_monitor_diagnostic_setting.sql[0]: Creation complete after 18s [id=/subscriptions/11635850-6fa9-4838-abb6-49352629e098/resourceGroups/rg-mixed101/providers/Microsoft.Sql/servers/sqlmixed101server/databases/mssqlmixed101db|diag-sql][0m
[0m[1mmodule.baseline.azurerm_key_vault_key.cmk[0]: Still creating... [01m10s elapsed][0m[0m
[0m[1mmodule.baseline.azurerm_key_vault_secret.sql_conn: Still creating... [01m10s elapsed][0m[0m
[0m[1mmodule.baseline.azurerm_key_vault_secret.sql_conn: Still creating... [01m20s elapsed][0m[0m
[0m[1mmodule.baseline.azurerm_key_vault_key.cmk[0]: Still creating... [01m20s elapsed][0m[0m
[0m[1mmodule.baseline.azurerm_key_vault_key.cmk[0]: Still creating... [01m30s elapsed][0m[0m
[0m[1mmodule.baseline.azurerm_key_vault_secret.sql_conn: Still creating... [01m30s elapsed][0m[0m
[0m[1mmodule.baseline.azurerm_key_vault_secret.sql_conn: Still creating... [01m40s elapsed][0m[0m
[0m[1mmodule.baseline.azurerm_key_vault_key.cmk[0]: Still creating... [01m40s elapsed][0m[0m
[0m[1mmodule.baseline.azurerm_key_vault_secret.sql_conn: Still creating... [01m50s elapsed][0m[0m
[0m[1mmodule.baseline.azurerm_key_vault_key.cmk[0]: Still creating... [01m50s elapsed][0m[0m
[0m[1mmodule.baseline.azurerm_key_vault_secret.sql_conn: Still creating... [02m00s elapsed][0m[0m
[0m[1mmodule.baseline.azurerm_key_vault_key.cmk[0]: Still creating... [02m00s elapsed][0m[0m
[0m[1mmodule.baseline.azurerm_key_vault_secret.sql_conn: Creation complete after 2m7s [id=https://vaultmixed101.vault.azure.net/secrets/sql-connection/5ceaf9d27a7d4e409dc3c9ca5b01ae7c][0m
[0m[1mmodule.baseline.azurerm_key_vault_key.cmk[0]: Creation complete after 2m8s [id=https://vaultmixed101.vault.azure.net/keys/cmk-storage/18caa373b690446dbf9f81655c3f3355][0m
[0m[1mmodule.baseline.azurerm_storage_account_customer_managed_key.data[0]: Creating...[0m[0m
[0m[1mmodule.baseline.azurerm_linux_function_app.functionapp: Creating...[0m[0m
[0m[1mmodule.baseline.azurerm_storage_account_customer_managed_key.data[0]: Creation complete after 3s [id=/subscriptions/11635850-6fa9-4838-abb6-49352629e098/resourceGroups/rg-mixed101/providers/Microsoft.Storage/storageAccounts/stmixed101data][0m
[0m[1mmodule.baseline.azurerm_linux_function_app.functionapp: Still creating... [00m10s elapsed][0m[0m
[0m[1mmodule.baseline.azurerm_linux_function_app.functionapp: Still creating... [00m20s elapsed][0m[0m
[0m[1mmodule.baseline.azurerm_linux_function_app.functionapp: Still creating... [00m30s elapsed][0m[0m
[0m[1mmodule.baseline.azurerm_linux_function_app.functionapp: Still creating... [00m40s elapsed][0m[0m
[0m[1mmodule.baseline.azurerm_linux_function_app.functionapp: Still creating... [00m50s elapsed][0m[0m
[0m[1mmodule.baseline.azurerm_linux_function_app.functionapp: Still creating... [01m00s elapsed][0m[0m
[0m[1mmodule.baseline.azurerm_linux_function_app.functionapp: Still creating... [01m10s elapsed][0m[0m
[0m[1mmodule.baseline.azurerm_linux_function_app.functionapp: Still creating... [01m20s elapsed][0m[0m
[0m[1mmodule.baseline.azurerm_linux_function_app.functionapp: Still creating... [01m30s elapsed][0m[0m
[0m[1mmodule.baseline.azurerm_linux_function_app.functionapp: Still creating... [01m40s elapsed][0m[0m
[0m[1mmodule.baseline.azurerm_linux_function_app.functionapp: Creation complete after 1m44s [id=/subscriptions/11635850-6fa9-4838-abb6-49352629e098/resourceGroups/rg-mixed101/providers/Microsoft.Web/sites/functionmixed101app][0m
[0m[1mmodule.baseline.azurerm_role_assignment.func_identity: Creating...[0m[0m
[0m[1mmodule.baseline.azurerm_key_vault_access_policy.functionapp: Creating...[0m[0m
[0m[1mmodule.baseline.azurerm_key_vault_access_policy.functionapp: Creation complete after 8s [id=/subscriptions/11635850-6fa9-4838-abb6-49352629e098/resourceGroups/rg-mixed101/providers/Microsoft.KeyVault/vaults/vaultmixed101/objectId/8b045a82-9d9b-42a2-b59c-5850e7c85181][0m
[0m[1mmodule.baseline.azurerm_role_assignment.func_identity: Still creating... [00m10s elapsed][0m[0m
[0m[1mmodule.baseline.azurerm_role_assignment.func_identity: Still creating... [00m20s elapsed][0m[0m
[0m[1mmodule.baseline.azurerm_role_assignment.func_identity: Still creating... [00m30s elapsed][0m[0m
[0m[1mmodule.baseline.azurerm_role_assignment.func_identity: Still creating... [00m40s elapsed][0m[0m
[0m[1mmodule.baseline.azurerm_role_assignment.func_identity: Creation complete after 43s [id=/subscriptions/11635850-6fa9-4838-abb6-49352629e098/resourceGroups/rg-mixed101/providers/Microsoft.Authorization/roleAssignments/73225d51-f4bd-67cc-1446-f3970e3207ba][0m
[33m╷[0m[0m
[33m│[0m [0m[1m[33mWarning: [0m[0m[1mArgument is deprecated[0m
[33m│[0m [0m
[33m│[0m [0m[0m  with module.baseline.azurerm_key_vault.vault,
[33m│[0m [0m  on ../../modules/baseline/main.tf line 55, in resource "azurerm_key_vault" "vault":
[33m│[0m [0m  55:   enable_rbac_authorization   = [4mfalse[0m[0m
[33m│[0m [0m
[33m│[0m [0mThis property has been renamed to `rbac_authorization_enabled` and will be
[33m│[0m [0mremoved in v5.0 of the provider
[33m│[0m [0m
[33m│[0m [0m(and 3 more similar warnings elsewhere)
[33m╵[0m[0m
Releasing state lock. This may take a few moments...
[0m[1m[32m
Apply complete! Resources: 30 added, 0 changed, 0 destroyed.[0m
