Acquiring state lock. This may take a few moments...
[0m[1mmodule.baseline.random_password.sql: Creating...[0m[0m
[0m[1mmodule.baseline.random_password.sql: Creation complete after 0s [id=none][0m
[0m[1mmodule.baseline.azuread_application.payments: Creating...[0m[0m
[0m[1mmodule.baseline.azuread_application.payments: Creation complete after 3s [id=/applications/21e2ac84-8d03-469a-a50a-b256d2e3725f][0m
[0m[1mmodule.baseline.azuread_application_password.payments: Creating...[0m[0m
[0m[1mmodule.baseline.azuread_service_principal.payments: Creating...[0m[0m
[0m[1mmodule.baseline.azuread_service_principal.payments: Creation complete after 2s [id=/servicePrincipals/a04ec5c7-6fe9-4df9-90a4-dc29bd6c1f56][0m
[0m[1mmodule.baseline.azuread_application_password.payments: Creation complete after 5s [id=21e2ac84-8d03-469a-a50a-b256d2e3725f/password/efe6b08c-e3d5-464f-94e6-a40a23c2655a][0m
[0m[1mmodule.baseline.azurerm_resource_group.rg: Creating...[0m[0m
[0m[1mmodule.baseline.azurerm_resource_group.rg: Still creating... [00m10s elapsed][0m[0m
[0m[1mmodule.baseline.azurerm_resource_group.rg: Still creating... [00m20s elapsed][0m[0m
[0m[1mmodule.baseline.azurerm_resource_group.rg: Creation complete after 25s [id=/subscriptions/11635850-6fa9-4838-abb6-49352629e098/resourceGroups/rg-vuln01][0m
[0m[1mmodule.baseline.azurerm_user_assigned_identity.storage: Creating...[0m[0m
[0m[1mmodule.baseline.azurerm_role_assignment.sp_payments: Creating...[0m[0m
[0m[1mmodule.baseline.azurerm_virtual_network.vnet: Creating...[0m[0m
[0m[1mmodule.baseline.azurerm_service_plan.serviceplan: Creating...[0m[0m
[0m[1mmodule.baseline.azurerm_key_vault.vault: Creating...[0m[0m
[0m[1mmodule.baseline.azurerm_network_security_group.nsg: Creating...[0m[0m
[0m[1mmodule.baseline.azurerm_log_analytics_workspace.law: Creating...[0m[0m
[0m[1mmodule.baseline.azurerm_mssql_server.sqlserver: Creating...[0m[0m
[0m[1mmodule.baseline.azurerm_storage_account.logs: Creating...[0m[0m
[0m[1mmodule.baseline.azurerm_network_security_group.nsg: Creation complete after 3s [id=/subscriptions/11635850-6fa9-4838-abb6-49352629e098/resourceGroups/rg-vuln01/providers/Microsoft.Network/networkSecurityGroups/nsg-app][0m
[0m[1mmodule.baseline.azurerm_user_assigned_identity.storage: Creation complete after 3s [id=/subscriptions/11635850-6fa9-4838-abb6-49352629e098/resourceGroups/rg-vuln01/providers/Microsoft.ManagedIdentity/userAssignedIdentities/uai-vuln01-storage][0m
[0m[1mmodule.baseline.azurerm_storage_account.data: Creating...[0m[0m
[0m[1mmodule.baseline.azurerm_virtual_network.vnet: Creation complete after 6s [id=/subscriptions/11635850-6fa9-4838-abb6-49352629e098/resourceGroups/rg-vuln01/providers/Microsoft.Network/virtualNetworks/vnet-payments][0m
[0m[1mmodule.baseline.azurerm_subnet.snet: Creating...[0m[0m
[0m[1mmodule.baseline.azurerm_role_assignment.sp_payments: Still creating... [00m10s elapsed][0m[0m
[0m[1mmodule.baseline.azurerm_service_plan.serviceplan: Still creating... [00m10s elapsed][0m[0m
[0m[1mmodule.baseline.azurerm_key_vault.vault: Still creating... [00m10s elapsed][0m[0m
[0m[1mmodule.baseline.azurerm_log_analytics_workspace.law: Still creating... [00m10s elapsed][0m[0m
[0m[1mmodule.baseline.azurerm_mssql_server.sqlserver: Still creating... [00m10s elapsed][0m[0m
[0m[1mmodule.baseline.azurerm_storage_account.logs: Still creating... [00m10s elapsed][0m[0m
[0m[1mmodule.baseline.azurerm_subnet.snet: Creation complete after 5s [id=/subscriptions/11635850-6fa9-4838-abb6-49352629e098/resourceGroups/rg-vuln01/providers/Microsoft.Network/virtualNetworks/vnet-payments/subnets/snet-app][0m
[0m[1mmodule.baseline.azurerm_subnet_network_security_group_association.app: Creating...[0m[0m
[0m[1mmodule.baseline.azurerm_storage_account.data: Still creating... [00m10s elapsed][0m[0m
[0m[1mmodule.baseline.azurerm_subnet_network_security_group_association.app: Creation complete after 7s [id=/subscriptions/11635850-6fa9-4838-abb6-49352629e098/resourceGroups/rg-vuln01/providers/Microsoft.Network/virtualNetworks/vnet-payments/subnets/snet-app][0m
[0m[1mmodule.baseline.azurerm_role_assignment.sp_payments: Still creating... [00m20s elapsed][0m[0m
[0m[1mmodule.baseline.azurerm_service_plan.serviceplan: Still creating... [00m20s elapsed][0m[0m
[0m[1mmodule.baseline.azurerm_key_vault.vault: Still creating... [00m20s elapsed][0m[0m
[0m[1mmodule.baseline.azurerm_log_analytics_workspace.law: Still creating... [00m20s elapsed][0m[0m
[0m[1mmodule.baseline.azurerm_mssql_server.sqlserver: Still creating... [00m20s elapsed][0m[0m
[0m[1mmodule.baseline.azurerm_storage_account.logs: Still creating... [00m20s elapsed][0m[0m
[0m[1mmodule.baseline.azurerm_storage_account.data: Still creating... [00m20s elapsed][0m[0m
[0m[1mmodule.baseline.azurerm_service_plan.serviceplan: Creation complete after 25s [id=/subscriptions/11635850-6fa9-4838-abb6-49352629e098/resourceGroups/rg-vuln01/providers/Microsoft.Web/serverFarms/appvuln01service][0m
[0m[1mmodule.baseline.azurerm_role_assignment.sp_payments: Still creating... [00m30s elapsed][0m[0m
[0m[1mmodule.baseline.azurerm_key_vault.vault: Still creating... [00m30s elapsed][0m[0m
[0m[1mmodule.baseline.azurerm_log_analytics_workspace.law: Still creating... [00m30s elapsed][0m[0m
[0m[1mmodule.baseline.azurerm_mssql_server.sqlserver: Still creating... [00m30s elapsed][0m[0m
[0m[1mmodule.baseline.azurerm_storage_account.logs: Still creating... [00m30s elapsed][0m[0m
[0m[1mmodule.baseline.azurerm_storage_account.data: Still creating... [00m30s elapsed][0m[0m
[0m[1mmodule.baseline.azurerm_role_assignment.sp_payments: Still creating... [00m40s elapsed][0m[0m
[0m[1mmodule.baseline.azurerm_key_vault.vault: Still creating... [00m40s elapsed][0m[0m
[0m[1mmodule.baseline.azurerm_log_analytics_workspace.law: Still creating... [00m40s elapsed][0m[0m
[0m[1mmodule.baseline.azurerm_mssql_server.sqlserver: Still creating... [00m40s elapsed][0m[0m
[0m[1mmodule.baseline.azurerm_storage_account.logs: Still creating... [00m40s elapsed][0m[0m
[0m[1mmodule.baseline.azurerm_role_assignment.sp_payments: Creation complete after 42s [id=/subscriptions/11635850-6fa9-4838-abb6-49352629e098/resourceGroups/rg-vuln01/providers/Microsoft.Authorization/roleAssignments/2ea80095-260c-448e-e4e5-47725a20ff96][0m
[0m[1mmodule.baseline.azurerm_storage_account.data: Still creating... [00m40s elapsed][0m[0m
[0m[1mmodule.baseline.azurerm_log_analytics_workspace.law: Creation complete after 47s [id=/subscriptions/11635850-6fa9-4838-abb6-49352629e098/resourceGroups/rg-vuln01/providers/Microsoft.OperationalInsights/workspaces/law-vuln01][0m
[0m[1mmodule.baseline.azurerm_key_vault.vault: Still creating... [00m50s elapsed][0m[0m
[0m[1mmodule.baseline.azurerm_mssql_server.sqlserver: Still creating... [00m50s elapsed][0m[0m
[0m[1mmodule.baseline.azurerm_storage_account.logs: Still creating... [00m50s elapsed][0m[0m
[0m[1mmodule.baseline.azurerm_storage_account.data: Still creating... [00m50s elapsed][0m[0m
[0m[1mmodule.baseline.azurerm_key_vault.vault: Still creating... [01m00s elapsed][0m[0m
[0m[1mmodule.baseline.azurerm_mssql_server.sqlserver: Still creating... [01m00s elapsed][0m[0m
[0m[1mmodule.baseline.azurerm_storage_account.logs: Still creating... [01m00s elapsed][0m[0m
[0m[1mmodule.baseline.azurerm_storage_account.data: Still creating... [01m00s elapsed][0m[0m
[0m[1mmodule.baseline.azurerm_key_vault.vault: Still creating... [01m10s elapsed][0m[0m
[0m[1mmodule.baseline.azurerm_mssql_server.sqlserver: Still creating... [01m10s elapsed][0m[0m
[0m[1mmodule.baseline.azurerm_storage_account.logs: Still creating... [01m10s elapsed][0m[0m
[0m[1mmodule.baseline.azurerm_storage_account.data: Still creating... [01m10s elapsed][0m[0m
[0m[1mmodule.baseline.azurerm_storage_account.logs: Creation complete after 1m18s [id=/subscriptions/11635850-6fa9-4838-abb6-49352629e098/resourceGroups/rg-vuln01/providers/Microsoft.Storage/storageAccounts/stvuln01logs][0m
[0m[1mmodule.baseline.azurerm_key_vault.vault: Still creating... [01m20s elapsed][0m[0m
[0m[1mmodule.baseline.azurerm_mssql_server.sqlserver: Still creating... [01m20s elapsed][0m[0m
[0m[1mmodule.baseline.azurerm_storage_account.data: Still creating... [01m20s elapsed][0m[0m
[0m[1mmodule.baseline.azurerm_mssql_server.sqlserver: Creation complete after 1m25s [id=/subscriptions/11635850-6fa9-4838-abb6-49352629e098/resourceGroups/rg-vuln01/providers/Microsoft.Sql/servers/sqlvuln01server][0m
[0m[1mmodule.baseline.azurerm_mssql_database.mssqldb: Creating...[0m[0m
[0m[1mmodule.baseline.azurerm_storage_account.data: Creation complete after 1m23s [id=/subscriptions/11635850-6fa9-4838-abb6-49352629e098/resourceGroups/rg-vuln01/providers/Microsoft.Storage/storageAccounts/stvuln01data][0m
[0m[1mmodule.baseline.azurerm_key_vault.vault: Still creating... [01m30s elapsed][0m[0m
[0m[1mmodule.baseline.azurerm_mssql_database.mssqldb: Still creating... [00m10s elapsed][0m[0m
[0m[1mmodule.baseline.azurerm_key_vault.vault: Still creating... [01m40s elapsed][0m[0m
[0m[1mmodule.baseline.azurerm_mssql_database.mssqldb: Still creating... [00m20s elapsed][0m[0m
[0m[1mmodule.baseline.azurerm_key_vault.vault: Still creating... [01m50s elapsed][0m[0m
[0m[1mmodule.baseline.azurerm_mssql_database.mssqldb: Still creating... [00m30s elapsed][0m[0m
[0m[1mmodule.baseline.azurerm_key_vault.vault: Still creating... [02m00s elapsed][0m[0m
[0m[1mmodule.baseline.azurerm_mssql_database.mssqldb: Still creating... [00m40s elapsed][0m[0m
[0m[1mmodule.baseline.azurerm_key_vault.vault: Still creating... [02m10s elapsed][0m[0m
[0m[1mmodule.baseline.azurerm_mssql_database.mssqldb: Still creating... [00m50s elapsed][0m[0m
[0m[1mmodule.baseline.azurerm_key_vault.vault: Creation complete after 2m19s [id=/subscriptions/11635850-6fa9-4838-abb6-49352629e098/resourceGroups/rg-vuln01/providers/Microsoft.KeyVault/vaults/vaultvuln01][0m
[0m[1mmodule.baseline.azurerm_key_vault_access_policy.terraform_client: Creating...[0m[0m
[0m[1mmodule.baseline.azurerm_monitor_diagnostic_setting.kv[0]: Creating...[0m[0m
[0m[1mmodule.baseline.azurerm_key_vault_access_policy.storage_uai: Creating...[0m[0m
[0m[1mmodule.baseline.azurerm_mssql_database.mssqldb: Still creating... [01m00s elapsed][0m[0m
[0m[1mmodule.baseline.azurerm_key_vault_access_policy.storage_uai: Creation complete after 8s [id=/subscriptions/11635850-6fa9-4838-abb6-49352629e098/resourceGroups/rg-vuln01/providers/Microsoft.KeyVault/vaults/vaultvuln01/objectId/d0a63f5c-abed-4d1c-a2f6-0f5d3e675afd][0m
[0m[1mmodule.baseline.azurerm_key_vault_access_policy.terraform_client: Still creating... [00m10s elapsed][0m[0m
[0m[1mmodule.baseline.azurerm_monitor_diagnostic_setting.kv[0]: Still creating... [00m10s elapsed][0m[0m
[0m[1mmodule.baseline.azurerm_monitor_diagnostic_setting.kv[0]: Creation complete after 15s [id=/subscriptions/11635850-6fa9-4838-abb6-49352629e098/resourceGroups/rg-vuln01/providers/Microsoft.KeyVault/vaults/vaultvuln01|diag-kv][0m
[0m[1mmodule.baseline.azurerm_key_vault_access_policy.terraform_client: Creation complete after 16s [id=/subscriptions/11635850-6fa9-4838-abb6-49352629e098/resourceGroups/rg-vuln01/providers/Microsoft.KeyVault/vaults/vaultvuln01/objectId/962419b0-2ba9-46d2-8915-2601f7a156c9][0m
[0m[1mmodule.baseline.time_sleep.wait_for_kv_policy: Creating...[0m[0m
[0m[1mmodule.baseline.azurerm_mssql_database.mssqldb: Still creating... [01m10s elapsed][0m[0m
[0m[1mmodule.baseline.time_sleep.wait_for_kv_policy: Still creating... [00m10s elapsed][0m[0m
[0m[1mmodule.baseline.azurerm_mssql_database.mssqldb: Still creating... [01m20s elapsed][0m[0m
[0m[1mmodule.baseline.time_sleep.wait_for_kv_policy: Still creating... [00m20s elapsed][0m[0m
[0m[1mmodule.baseline.azurerm_mssql_database.mssqldb: Still creating... [01m30s elapsed][0m[0m
[0m[1mmodule.baseline.time_sleep.wait_for_kv_policy: Still creating... [00m30s elapsed][0m[0m
[0m[1mmodule.baseline.time_sleep.wait_for_kv_policy: Creation complete after 30s [id=2026-08-05T23:36:38Z][0m
[0m[1mmodule.baseline.azurerm_mssql_database.mssqldb: Still creating... [01m40s elapsed][0m[0m
[0m[1mmodule.baseline.azurerm_key_vault_secret.sql_conn: Creating...[0m[0m
[0m[1mmodule.baseline.azurerm_key_vault_key.cmk[0]: Creating...[0m[0m
[0m[1mmodule.baseline.azurerm_mssql_database.mssqldb: Still creating... [01m50s elapsed][0m[0m
[0m[1mmodule.baseline.azurerm_key_vault_secret.sql_conn: Still creating... [00m10s elapsed][0m[0m
[0m[1mmodule.baseline.azurerm_key_vault_key.cmk[0]: Still creating... [00m10s elapsed][0m[0m
[0m[1mmodule.baseline.azurerm_mssql_database.mssqldb: Still creating... [02m00s elapsed][0m[0m
[0m[1mmodule.baseline.azurerm_key_vault_secret.sql_conn: Still creating... [00m20s elapsed][0m[0m
[0m[1mmodule.baseline.azurerm_key_vault_key.cmk[0]: Still creating... [00m20s elapsed][0m[0m
[0m[1mmodule.baseline.azurerm_mssql_database.mssqldb: Creation complete after 2m9s [id=/subscriptions/11635850-6fa9-4838-abb6-49352629e098/resourceGroups/rg-vuln01/providers/Microsoft.Sql/servers/sqlvuln01server/databases/mssqlvuln01db][0m
[0m[1mmodule.baseline.azurerm_monitor_diagnostic_setting.sql[0]: Creating...[0m[0m
[0m[1mmodule.baseline.azurerm_key_vault_secret.sql_conn: Still creating... [00m30s elapsed][0m[0m
[0m[1mmodule.baseline.azurerm_key_vault_key.cmk[0]: Still creating... [00m30s elapsed][0m[0m
[0m[1mmodule.baseline.azurerm_monitor_diagnostic_setting.sql[0]: Still creating... [00m10s elapsed][0m[0m
[0m[1mmodule.baseline.azurerm_key_vault_secret.sql_conn: Still creating... [00m40s elapsed][0m[0m
[0m[1mmodule.baseline.azurerm_key_vault_key.cmk[0]: Still creating... [00m40s elapsed][0m[0m
[0m[1mmodule.baseline.azurerm_monitor_diagnostic_setting.sql[0]: Creation complete after 19s [id=/subscriptions/11635850-6fa9-4838-abb6-49352629e098/resourceGroups/rg-vuln01/providers/Microsoft.Sql/servers/sqlvuln01server/databases/mssqlvuln01db|diag-sql][0m
[0m[1mmodule.baseline.azurerm_key_vault_secret.sql_conn: Still creating... [00m50s elapsed][0m[0m
[0m[1mmodule.baseline.azurerm_key_vault_key.cmk[0]: Still creating... [00m50s elapsed][0m[0m
[0m[1mmodule.baseline.azurerm_key_vault_secret.sql_conn: Still creating... [01m00s elapsed][0m[0m
[0m[1mmodule.baseline.azurerm_key_vault_key.cmk[0]: Still creating... [01m00s elapsed][0m[0m
[0m[1mmodule.baseline.azurerm_key_vault_secret.sql_conn: Still creating... [01m10s elapsed][0m[0m
[0m[1mmodule.baseline.azurerm_key_vault_key.cmk[0]: Still creating... [01m10s elapsed][0m[0m
[0m[1mmodule.baseline.azurerm_key_vault_secret.sql_conn: Still creating... [01m20s elapsed][0m[0m
[0m[1mmodule.baseline.azurerm_key_vault_key.cmk[0]: Still creating... [01m20s elapsed][0m[0m
[0m[1mmodule.baseline.azurerm_key_vault_secret.sql_conn: Still creating... [01m30s elapsed][0m[0m
[0m[1mmodule.baseline.azurerm_key_vault_key.cmk[0]: Still creating... [01m30s elapsed][0m[0m
[0m[1mmodule.baseline.azurerm_key_vault_key.cmk[0]: Still creating... [01m40s elapsed][0m[0m
[0m[1mmodule.baseline.azurerm_key_vault_secret.sql_conn: Still creating... [01m40s elapsed][0m[0m
[0m[1mmodule.baseline.azurerm_key_vault_key.cmk[0]: Still creating... [01m50s elapsed][0m[0m
[0m[1mmodule.baseline.azurerm_key_vault_secret.sql_conn: Still creating... [01m50s elapsed][0m[0m
[0m[1mmodule.baseline.azurerm_key_vault_secret.sql_conn: Still creating... [02m00s elapsed][0m[0m
[0m[1mmodule.baseline.azurerm_key_vault_key.cmk[0]: Still creating... [02m00s elapsed][0m[0m
[0m[1mmodule.baseline.azurerm_key_vault_secret.sql_conn: Creation complete after 2m3s [id=https://vaultvuln01.vault.azure.net/secrets/sql-connection/13b3499a256b42ff9f6e9d8b9bfb1c3e][0m
[0m[1mmodule.baseline.azurerm_key_vault_key.cmk[0]: Creation complete after 2m4s [id=https://vaultvuln01.vault.azure.net/keys/cmk-storage/1803b02ecde14d4ea02f5875c1675d3c][0m
[0m[1mmodule.baseline.azurerm_storage_account_customer_managed_key.data[0]: Creating...[0m[0m
[0m[1mmodule.baseline.azurerm_linux_function_app.functionapp: Creating...[0m[0m
[0m[1mmodule.baseline.azurerm_storage_account_customer_managed_key.data[0]: Creation complete after 3s [id=/subscriptions/11635850-6fa9-4838-abb6-49352629e098/resourceGroups/rg-vuln01/providers/Microsoft.Storage/storageAccounts/stvuln01data][0m
[0m[1mmodule.baseline.azurerm_linux_function_app.functionapp: Still creating... [00m10s elapsed][0m[0m
[0m[1mmodule.baseline.azurerm_linux_function_app.functionapp: Still creating... [00m20s elapsed][0m[0m
[0m[1mmodule.baseline.azurerm_linux_function_app.functionapp: Still creating... [00m30s elapsed][0m[0m
[0m[1mmodule.baseline.azurerm_linux_function_app.functionapp: Still creating... [00m40s elapsed][0m[0m
[0m[1mmodule.baseline.azurerm_linux_function_app.functionapp: Still creating... [00m50s elapsed][0m[0m
[0m[1mmodule.baseline.azurerm_linux_function_app.functionapp: Still creating... [01m00s elapsed][0m[0m
[0m[1mmodule.baseline.azurerm_linux_function_app.functionapp: Creation complete after 1m9s [id=/subscriptions/11635850-6fa9-4838-abb6-49352629e098/resourceGroups/rg-vuln01/providers/Microsoft.Web/sites/functionvuln01app][0m
[0m[1mmodule.baseline.azurerm_key_vault_access_policy.functionapp: Creating...[0m[0m
[0m[1mmodule.baseline.azurerm_role_assignment.func_identity: Creating...[0m[0m
[0m[1mmodule.baseline.azurerm_key_vault_access_policy.functionapp: Creation complete after 8s [id=/subscriptions/11635850-6fa9-4838-abb6-49352629e098/resourceGroups/rg-vuln01/providers/Microsoft.KeyVault/vaults/vaultvuln01/objectId/596b4b3a-3e7f-4062-9752-2832f38742f7][0m
[0m[1mmodule.baseline.azurerm_role_assignment.func_identity: Still creating... [00m10s elapsed][0m[0m
[0m[1mmodule.baseline.azurerm_role_assignment.func_identity: Still creating... [00m20s elapsed][0m[0m
[0m[1mmodule.baseline.azurerm_role_assignment.func_identity: Creation complete after 28s [id=/subscriptions/11635850-6fa9-4838-abb6-49352629e098/resourceGroups/rg-vuln01/providers/Microsoft.Authorization/roleAssignments/72c033cd-2a82-5209-6437-0dcc15654efb][0m
[33m╷[0m[0m
[33m│[0m [0m[1m[33mWarning: [0m[0m[1mArgument is deprecated[0m
[33m│[0m [0m
[33m│[0m [0m[0m  with module.baseline.azurerm_key_vault.vault,
[33m│[0m [0m  on ../../modules/baseline/main.tf line 55, in resource "azurerm_key_vault" "vault":
[33m│[0m [0m  55:   enable_rbac_authorization   = [4mfalse[0m[0m
[33m│[0m [0m
[33m│[0m [0mThis property has been renamed to `rbac_authorization_enabled` and will be
[33m│[0m [0mremoved in v5.0 of the provider
[33m│[0m [0m
[33m│[0m [0m(and 3 more similar warnings elsewhere)
[33m╵[0m[0m
Releasing state lock. This may take a few moments...
[0m[1m[32m
Apply complete! Resources: 29 added, 0 changed, 0 destroyed.[0m
