Acquiring state lock. This may take a few moments...
[0m[1mmodule.baseline.random_password.sql: Creating...[0m[0m
[0m[1mmodule.baseline.random_password.sql: Creation complete after 0s [id=none][0m
[0m[1mmodule.baseline.azuread_application.payments: Creating...[0m[0m
[0m[1mmodule.baseline.azuread_application.payments: Creation complete after 2s [id=/applications/bf17f8b0-234f-43c1-bb97-077ae3a1a07d][0m
[0m[1mmodule.baseline.azuread_application_password.payments: Creating...[0m[0m
[0m[1mmodule.baseline.azuread_service_principal.payments: Creating...[0m[0m
[0m[1mmodule.baseline.azuread_service_principal.payments: Creation complete after 3s [id=/servicePrincipals/7d4e01a5-bfb8-4d4f-a3bd-f7544db4e028][0m
[0m[1mmodule.baseline.azuread_application_password.payments: Creation complete after 6s [id=bf17f8b0-234f-43c1-bb97-077ae3a1a07d/password/a305bd31-19a8-4e89-a2c4-48993a6ae85d][0m
[0m[1mmodule.baseline.azurerm_resource_group.rg: Creating...[0m[0m
[0m[1mmodule.baseline.azurerm_resource_group.rg: Still creating... [00m10s elapsed][0m[0m
[0m[1mmodule.baseline.azurerm_resource_group.rg: Still creating... [00m20s elapsed][0m[0m
[0m[1mmodule.baseline.azurerm_resource_group.rg: Still creating... [00m30s elapsed][0m[0m
[0m[1mmodule.baseline.azurerm_resource_group.rg: Creation complete after 33s [id=/subscriptions/11635850-6fa9-4838-abb6-49352629e098/resourceGroups/rg-vuln08][0m
[0m[1mmodule.baseline.azurerm_user_assigned_identity.storage: Creating...[0m[0m
[0m[1mmodule.baseline.azurerm_role_assignment.sp_payments: Creating...[0m[0m
[0m[1mmodule.baseline.azurerm_service_plan.serviceplan: Creating...[0m[0m
[0m[1mmodule.baseline.azurerm_virtual_network.vnet: Creating...[0m[0m
[0m[1mmodule.baseline.azurerm_key_vault.vault: Creating...[0m[0m
[0m[1mmodule.baseline.azurerm_log_analytics_workspace.law: Creating...[0m[0m
[0m[1mmodule.baseline.azurerm_mssql_server.sqlserver: Creating...[0m[0m
[0m[1mmodule.baseline.azurerm_network_security_group.nsg: Creating...[0m[0m
[0m[1mmodule.baseline.azurerm_storage_account.logs: Creating...[0m[0m
[0m[1mmodule.baseline.azurerm_user_assigned_identity.storage: Still creating... [00m10s elapsed][0m[0m
[0m[1mmodule.baseline.azurerm_role_assignment.sp_payments: Still creating... [00m10s elapsed][0m[0m
[0m[1mmodule.baseline.azurerm_service_plan.serviceplan: Still creating... [00m10s elapsed][0m[0m
[0m[1mmodule.baseline.azurerm_virtual_network.vnet: Still creating... [00m10s elapsed][0m[0m
[0m[1mmodule.baseline.azurerm_log_analytics_workspace.law: Still creating... [00m10s elapsed][0m[0m
[0m[1mmodule.baseline.azurerm_key_vault.vault: Still creating... [00m10s elapsed][0m[0m
[0m[1mmodule.baseline.azurerm_mssql_server.sqlserver: Still creating... [00m10s elapsed][0m[0m
[0m[1mmodule.baseline.azurerm_network_security_group.nsg: Still creating... [00m10s elapsed][0m[0m
[0m[1mmodule.baseline.azurerm_storage_account.logs: Still creating... [00m10s elapsed][0m[0m
[0m[1mmodule.baseline.azurerm_user_assigned_identity.storage: Creation complete after 20s [id=/subscriptions/11635850-6fa9-4838-abb6-49352629e098/resourceGroups/rg-vuln08/providers/Microsoft.ManagedIdentity/userAssignedIdentities/uai-vuln08-storage][0m
[0m[1mmodule.baseline.azurerm_storage_account.data: Creating...[0m[0m
[0m[1mmodule.baseline.azurerm_role_assignment.sp_payments: Still creating... [00m20s elapsed][0m[0m
[0m[1mmodule.baseline.azurerm_service_plan.serviceplan: Still creating... [00m20s elapsed][0m[0m
[0m[1mmodule.baseline.azurerm_virtual_network.vnet: Still creating... [00m20s elapsed][0m[0m
[0m[1mmodule.baseline.azurerm_mssql_server.sqlserver: Still creating... [00m20s elapsed][0m[0m
[0m[1mmodule.baseline.azurerm_key_vault.vault: Still creating... [00m20s elapsed][0m[0m
[0m[1mmodule.baseline.azurerm_log_analytics_workspace.law: Still creating... [00m20s elapsed][0m[0m
[0m[1mmodule.baseline.azurerm_network_security_group.nsg: Still creating... [00m20s elapsed][0m[0m
[0m[1mmodule.baseline.azurerm_storage_account.logs: Still creating... [00m20s elapsed][0m[0m
[0m[1mmodule.baseline.azurerm_storage_account.data: Still creating... [00m10s elapsed][0m[0m
[0m[1mmodule.baseline.azurerm_role_assignment.sp_payments: Still creating... [00m30s elapsed][0m[0m
[0m[1mmodule.baseline.azurerm_service_plan.serviceplan: Still creating... [00m30s elapsed][0m[0m
[0m[1mmodule.baseline.azurerm_virtual_network.vnet: Still creating... [00m30s elapsed][0m[0m
[0m[1mmodule.baseline.azurerm_key_vault.vault: Still creating... [00m30s elapsed][0m[0m
[0m[1mmodule.baseline.azurerm_mssql_server.sqlserver: Still creating... [00m30s elapsed][0m[0m
[0m[1mmodule.baseline.azurerm_log_analytics_workspace.law: Still creating... [00m30s elapsed][0m[0m
[0m[1mmodule.baseline.azurerm_network_security_group.nsg: Still creating... [00m30s elapsed][0m[0m
[0m[1mmodule.baseline.azurerm_storage_account.logs: Still creating... [00m30s elapsed][0m[0m
[0m[1mmodule.baseline.azurerm_network_security_group.nsg: Creation complete after 35s [id=/subscriptions/11635850-6fa9-4838-abb6-49352629e098/resourceGroups/rg-vuln08/providers/Microsoft.Network/networkSecurityGroups/nsg-app][0m
[0m[1mmodule.baseline.azurerm_storage_account.data: Still creating... [00m20s elapsed][0m[0m
[0m[1mmodule.baseline.azurerm_role_assignment.sp_payments: Still creating... [00m40s elapsed][0m[0m
[0m[1mmodule.baseline.azurerm_service_plan.serviceplan: Still creating... [00m40s elapsed][0m[0m
[0m[1mmodule.baseline.azurerm_virtual_network.vnet: Still creating... [00m40s elapsed][0m[0m
[0m[1mmodule.baseline.azurerm_key_vault.vault: Still creating... [00m40s elapsed][0m[0m
[0m[1mmodule.baseline.azurerm_log_analytics_workspace.law: Still creating... [00m40s elapsed][0m[0m
[0m[1mmodule.baseline.azurerm_mssql_server.sqlserver: Still creating... [00m40s elapsed][0m[0m
[0m[1mmodule.baseline.azurerm_storage_account.logs: Still creating... [00m40s elapsed][0m[0m
[0m[1mmodule.baseline.azurerm_virtual_network.vnet: Creation complete after 46s [id=/subscriptions/11635850-6fa9-4838-abb6-49352629e098/resourceGroups/rg-vuln08/providers/Microsoft.Network/virtualNetworks/vnet-payments][0m
[0m[1mmodule.baseline.azurerm_subnet.snet: Creating...[0m[0m
[0m[1mmodule.baseline.azurerm_storage_account.data: Still creating... [00m30s elapsed][0m[0m
[0m[1mmodule.baseline.azurerm_role_assignment.sp_payments: Still creating... [00m50s elapsed][0m[0m
[0m[1mmodule.baseline.azurerm_service_plan.serviceplan: Still creating... [00m50s elapsed][0m[0m
[0m[1mmodule.baseline.azurerm_log_analytics_workspace.law: Still creating... [00m50s elapsed][0m[0m
[0m[1mmodule.baseline.azurerm_key_vault.vault: Still creating... [00m50s elapsed][0m[0m
[0m[1mmodule.baseline.azurerm_mssql_server.sqlserver: Still creating... [00m50s elapsed][0m[0m
[0m[1mmodule.baseline.azurerm_storage_account.logs: Still creating... [00m50s elapsed][0m[0m
[0m[1mmodule.baseline.azurerm_subnet.snet: Still creating... [00m10s elapsed][0m[0m
[0m[1mmodule.baseline.azurerm_storage_account.data: Still creating... [00m40s elapsed][0m[0m
[0m[1mmodule.baseline.azurerm_role_assignment.sp_payments: Still creating... [01m00s elapsed][0m[0m
[0m[1mmodule.baseline.azurerm_service_plan.serviceplan: Still creating... [01m00s elapsed][0m[0m
[0m[1mmodule.baseline.azurerm_mssql_server.sqlserver: Still creating... [01m00s elapsed][0m[0m
[0m[1mmodule.baseline.azurerm_log_analytics_workspace.law: Still creating... [01m00s elapsed][0m[0m
[0m[1mmodule.baseline.azurerm_key_vault.vault: Still creating... [01m00s elapsed][0m[0m
[0m[1mmodule.baseline.azurerm_storage_account.logs: Still creating... [01m00s elapsed][0m[0m
[0m[1mmodule.baseline.azurerm_subnet.snet: Still creating... [00m20s elapsed][0m[0m
[0m[1mmodule.baseline.azurerm_storage_account.data: Still creating... [00m50s elapsed][0m[0m
[0m[1mmodule.baseline.azurerm_role_assignment.sp_payments: Still creating... [01m10s elapsed][0m[0m
[0m[1mmodule.baseline.azurerm_service_plan.serviceplan: Still creating... [01m10s elapsed][0m[0m
[0m[1mmodule.baseline.azurerm_key_vault.vault: Still creating... [01m10s elapsed][0m[0m
[0m[1mmodule.baseline.azurerm_log_analytics_workspace.law: Still creating... [01m10s elapsed][0m[0m
[0m[1mmodule.baseline.azurerm_mssql_server.sqlserver: Still creating... [01m10s elapsed][0m[0m
[0m[1mmodule.baseline.azurerm_storage_account.logs: Still creating... [01m10s elapsed][0m[0m
[0m[1mmodule.baseline.azurerm_subnet.snet: Still creating... [00m30s elapsed][0m[0m
[0m[1mmodule.baseline.azurerm_storage_account.data: Still creating... [01m00s elapsed][0m[0m
[0m[1mmodule.baseline.azurerm_role_assignment.sp_payments: Still creating... [01m20s elapsed][0m[0m
[0m[1mmodule.baseline.azurerm_service_plan.serviceplan: Still creating... [01m20s elapsed][0m[0m
[0m[1mmodule.baseline.azurerm_mssql_server.sqlserver: Still creating... [01m20s elapsed][0m[0m
[0m[1mmodule.baseline.azurerm_log_analytics_workspace.law: Still creating... [01m20s elapsed][0m[0m
[0m[1mmodule.baseline.azurerm_key_vault.vault: Still creating... [01m20s elapsed][0m[0m
[0m[1mmodule.baseline.azurerm_storage_account.logs: Still creating... [01m20s elapsed][0m[0m
[0m[1mmodule.baseline.azurerm_service_plan.serviceplan: Creation complete after 1m26s [id=/subscriptions/11635850-6fa9-4838-abb6-49352629e098/resourceGroups/rg-vuln08/providers/Microsoft.Web/serverFarms/appvuln08service][0m
[0m[1mmodule.baseline.azurerm_subnet.snet: Still creating... [00m40s elapsed][0m[0m
[0m[1mmodule.baseline.azurerm_storage_account.data: Still creating... [01m10s elapsed][0m[0m
[0m[1mmodule.baseline.azurerm_role_assignment.sp_payments: Still creating... [01m30s elapsed][0m[0m
[0m[1mmodule.baseline.azurerm_mssql_server.sqlserver: Still creating... [01m30s elapsed][0m[0m
[0m[1mmodule.baseline.azurerm_log_analytics_workspace.law: Still creating... [01m30s elapsed][0m[0m
[0m[1mmodule.baseline.azurerm_key_vault.vault: Still creating... [01m30s elapsed][0m[0m
[0m[1mmodule.baseline.azurerm_storage_account.logs: Still creating... [01m30s elapsed][0m[0m
[0m[1mmodule.baseline.azurerm_subnet.snet: Still creating... [00m50s elapsed][0m[0m
[0m[1mmodule.baseline.azurerm_subnet.snet: Creation complete after 52s [id=/subscriptions/11635850-6fa9-4838-abb6-49352629e098/resourceGroups/rg-vuln08/providers/Microsoft.Network/virtualNetworks/vnet-payments/subnets/snet-app][0m
[0m[1mmodule.baseline.azurerm_subnet_network_security_group_association.app: Creating...[0m[0m
[0m[1mmodule.baseline.azurerm_storage_account.data: Still creating... [01m20s elapsed][0m[0m
[0m[1mmodule.baseline.azurerm_role_assignment.sp_payments: Still creating... [01m40s elapsed][0m[0m
[0m[1mmodule.baseline.azurerm_mssql_server.sqlserver: Still creating... [01m40s elapsed][0m[0m
[0m[1mmodule.baseline.azurerm_log_analytics_workspace.law: Still creating... [01m40s elapsed][0m[0m
[0m[1mmodule.baseline.azurerm_key_vault.vault: Still creating... [01m40s elapsed][0m[0m
[0m[1mmodule.baseline.azurerm_storage_account.logs: Still creating... [01m40s elapsed][0m[0m
[0m[1mmodule.baseline.azurerm_subnet_network_security_group_association.app: Still creating... [00m10s elapsed][0m[0m
[0m[1mmodule.baseline.azurerm_storage_account.data: Still creating... [01m30s elapsed][0m[0m
[0m[1mmodule.baseline.azurerm_role_assignment.sp_payments: Still creating... [01m50s elapsed][0m[0m
[0m[1mmodule.baseline.azurerm_mssql_server.sqlserver: Still creating... [01m50s elapsed][0m[0m
[0m[1mmodule.baseline.azurerm_key_vault.vault: Still creating... [01m50s elapsed][0m[0m
[0m[1mmodule.baseline.azurerm_log_analytics_workspace.law: Still creating... [01m50s elapsed][0m[0m
[0m[1mmodule.baseline.azurerm_storage_account.logs: Still creating... [01m50s elapsed][0m[0m
[0m[1mmodule.baseline.azurerm_role_assignment.sp_payments: Creation complete after 1m55s [id=/subscriptions/11635850-6fa9-4838-abb6-49352629e098/resourceGroups/rg-vuln08/providers/Microsoft.Authorization/roleAssignments/05ce1ce2-823e-c7b2-9860-0d13b40c7880][0m
[0m[1mmodule.baseline.azurerm_subnet_network_security_group_association.app: Still creating... [00m20s elapsed][0m[0m
[0m[1mmodule.baseline.azurerm_storage_account.data: Still creating... [01m40s elapsed][0m[0m
[0m[1mmodule.baseline.azurerm_mssql_server.sqlserver: Still creating... [02m00s elapsed][0m[0m
[0m[1mmodule.baseline.azurerm_key_vault.vault: Still creating... [02m00s elapsed][0m[0m
[0m[1mmodule.baseline.azurerm_log_analytics_workspace.law: Still creating... [02m00s elapsed][0m[0m
[0m[1mmodule.baseline.azurerm_storage_account.logs: Still creating... [02m00s elapsed][0m[0m
[0m[1mmodule.baseline.azurerm_subnet_network_security_group_association.app: Creation complete after 29s [id=/subscriptions/11635850-6fa9-4838-abb6-49352629e098/resourceGroups/rg-vuln08/providers/Microsoft.Network/virtualNetworks/vnet-payments/subnets/snet-app][0m
[0m[1mmodule.baseline.azurerm_storage_account.data: Still creating... [01m50s elapsed][0m[0m
[0m[1mmodule.baseline.azurerm_mssql_server.sqlserver: Still creating... [02m10s elapsed][0m[0m
[0m[1mmodule.baseline.azurerm_key_vault.vault: Still creating... [02m10s elapsed][0m[0m
[0m[1mmodule.baseline.azurerm_log_analytics_workspace.law: Still creating... [02m10s elapsed][0m[0m
[0m[1mmodule.baseline.azurerm_storage_account.logs: Still creating... [02m10s elapsed][0m[0m
[0m[1mmodule.baseline.azurerm_log_analytics_workspace.law: Creation complete after 2m10s [id=/subscriptions/11635850-6fa9-4838-abb6-49352629e098/resourceGroups/rg-vuln08/providers/Microsoft.OperationalInsights/workspaces/law-vuln08][0m
[0m[1mmodule.baseline.azurerm_mssql_server.sqlserver: Creation complete after 2m11s [id=/subscriptions/11635850-6fa9-4838-abb6-49352629e098/resourceGroups/rg-vuln08/providers/Microsoft.Sql/servers/sqlvuln08server][0m
[0m[1mmodule.baseline.azurerm_mssql_database.mssqldb: Creating...[0m[0m
[0m[1mmodule.baseline.azurerm_storage_account.data: Still creating... [02m00s elapsed][0m[0m
[0m[1mmodule.baseline.azurerm_key_vault.vault: Still creating... [02m20s elapsed][0m[0m
[0m[1mmodule.baseline.azurerm_storage_account.logs: Still creating... [02m20s elapsed][0m[0m
[0m[1mmodule.baseline.azurerm_mssql_database.mssqldb: Still creating... [00m10s elapsed][0m[0m
[0m[1mmodule.baseline.azurerm_storage_account.data: Still creating... [02m10s elapsed][0m[0m
[0m[1mmodule.baseline.azurerm_key_vault.vault: Still creating... [02m30s elapsed][0m[0m
[0m[1mmodule.baseline.azurerm_storage_account.logs: Still creating... [02m30s elapsed][0m[0m
[0m[1mmodule.baseline.azurerm_mssql_database.mssqldb: Still creating... [00m20s elapsed][0m[0m
[0m[1mmodule.baseline.azurerm_storage_account.logs: Creation complete after 2m31s [id=/subscriptions/11635850-6fa9-4838-abb6-49352629e098/resourceGroups/rg-vuln08/providers/Microsoft.Storage/storageAccounts/stvuln08logs][0m
[0m[1mmodule.baseline.azurerm_storage_account.data: Still creating... [02m20s elapsed][0m[0m
[0m[1mmodule.baseline.azurerm_key_vault.vault: Still creating... [02m40s elapsed][0m[0m
[0m[1mmodule.baseline.azurerm_mssql_database.mssqldb: Still creating... [00m30s elapsed][0m[0m
[0m[1mmodule.baseline.azurerm_storage_account.data: Still creating... [02m30s elapsed][0m[0m
[0m[1mmodule.baseline.azurerm_key_vault.vault: Still creating... [02m50s elapsed][0m[0m
[0m[1mmodule.baseline.azurerm_mssql_database.mssqldb: Still creating... [00m40s elapsed][0m[0m
[0m[1mmodule.baseline.azurerm_storage_account.data: Creation complete after 2m32s [id=/subscriptions/11635850-6fa9-4838-abb6-49352629e098/resourceGroups/rg-vuln08/providers/Microsoft.Storage/storageAccounts/stvuln08data][0m
[0m[1mmodule.baseline.azurerm_key_vault.vault: Still creating... [03m00s elapsed][0m[0m
[0m[1mmodule.baseline.azurerm_mssql_database.mssqldb: Still creating... [00m50s elapsed][0m[0m
[0m[1mmodule.baseline.azurerm_key_vault.vault: Still creating... [03m10s elapsed][0m[0m
[0m[1mmodule.baseline.azurerm_mssql_database.mssqldb: Still creating... [01m00s elapsed][0m[0m
[0m[1mmodule.baseline.azurerm_key_vault.vault: Still creating... [03m20s elapsed][0m[0m
[0m[1mmodule.baseline.azurerm_mssql_database.mssqldb: Still creating... [01m10s elapsed][0m[0m
[0m[1mmodule.baseline.azurerm_key_vault.vault: Still creating... [03m30s elapsed][0m[0m
[0m[1mmodule.baseline.azurerm_mssql_database.mssqldb: Still creating... [01m20s elapsed][0m[0m
[0m[1mmodule.baseline.azurerm_key_vault.vault: Creation complete after 3m39s [id=/subscriptions/11635850-6fa9-4838-abb6-49352629e098/resourceGroups/rg-vuln08/providers/Microsoft.KeyVault/vaults/vaultvuln08][0m
[0m[1mmodule.baseline.azurerm_key_vault_access_policy.storage_uai: Creating...[0m[0m
[0m[1mmodule.baseline.azurerm_key_vault_access_policy.terraform_client: Creating...[0m[0m
[0m[1mmodule.baseline.azurerm_monitor_diagnostic_setting.kv[0]: Creating...[0m[0m
[0m[1mmodule.baseline.azurerm_mssql_database.mssqldb: Still creating... [01m30s elapsed][0m[0m
[0m[1mmodule.baseline.azurerm_key_vault_access_policy.terraform_client: Still creating... [00m10s elapsed][0m[0m
[0m[1mmodule.baseline.azurerm_key_vault_access_policy.storage_uai: Still creating... [00m10s elapsed][0m[0m
[0m[1mmodule.baseline.azurerm_monitor_diagnostic_setting.kv[0]: Still creating... [00m10s elapsed][0m[0m
[0m[1mmodule.baseline.azurerm_mssql_database.mssqldb: Still creating... [01m40s elapsed][0m[0m
[0m[1mmodule.baseline.azurerm_key_vault_access_policy.storage_uai: Creation complete after 15s [id=/subscriptions/11635850-6fa9-4838-abb6-49352629e098/resourceGroups/rg-vuln08/providers/Microsoft.KeyVault/vaults/vaultvuln08/objectId/963350e2-b243-4922-b3e2-4d313a3326dd][0m
[0m[1mmodule.baseline.azurerm_key_vault_access_policy.terraform_client: Still creating... [00m20s elapsed][0m[0m
[0m[1mmodule.baseline.azurerm_monitor_diagnostic_setting.kv[0]: Still creating... [00m20s elapsed][0m[0m
[0m[1mmodule.baseline.azurerm_mssql_database.mssqldb: Still creating... [01m50s elapsed][0m[0m
[0m[1mmodule.baseline.azurerm_monitor_diagnostic_setting.kv[0]: Creation complete after 25s [id=/subscriptions/11635850-6fa9-4838-abb6-49352629e098/resourceGroups/rg-vuln08/providers/Microsoft.KeyVault/vaults/vaultvuln08|diag-kv][0m
[0m[1mmodule.baseline.azurerm_key_vault_access_policy.terraform_client: Still creating... [00m30s elapsed][0m[0m
[0m[1mmodule.baseline.azurerm_mssql_database.mssqldb: Still creating... [02m00s elapsed][0m[0m
[0m[1mmodule.baseline.azurerm_key_vault_access_policy.terraform_client: Creation complete after 31s [id=/subscriptions/11635850-6fa9-4838-abb6-49352629e098/resourceGroups/rg-vuln08/providers/Microsoft.KeyVault/vaults/vaultvuln08/objectId/962419b0-2ba9-46d2-8915-2601f7a156c9][0m
[0m[1mmodule.baseline.time_sleep.wait_for_kv_policy: Creating...[0m[0m
[0m[1mmodule.baseline.azurerm_mssql_database.mssqldb: Still creating... [02m10s elapsed][0m[0m
[0m[1mmodule.baseline.time_sleep.wait_for_kv_policy: Still creating... [00m10s elapsed][0m[0m
[0m[1mmodule.baseline.azurerm_mssql_database.mssqldb: Still creating... [02m20s elapsed][0m[0m
[0m[1mmodule.baseline.time_sleep.wait_for_kv_policy: Still creating... [00m20s elapsed][0m[0m
[0m[1mmodule.baseline.azurerm_mssql_database.mssqldb: Still creating... [02m30s elapsed][0m[0m
[0m[1mmodule.baseline.time_sleep.wait_for_kv_policy: Still creating... [00m30s elapsed][0m[0m
[0m[1mmodule.baseline.time_sleep.wait_for_kv_policy: Creation complete after 30s [id=2026-08-08T14:18:07Z][0m
[0m[1mmodule.baseline.azurerm_key_vault_secret.sql_conn: Creating...[0m[0m
[0m[1mmodule.baseline.azurerm_mssql_database.mssqldb: Creation complete after 2m35s [id=/subscriptions/11635850-6fa9-4838-abb6-49352629e098/resourceGroups/rg-vuln08/providers/Microsoft.Sql/servers/sqlvuln08server/databases/mssqlvuln08db][0m
[0m[1mmodule.baseline.azurerm_monitor_diagnostic_setting.sql[0]: Creating...[0m[0m
[0m[1mmodule.baseline.azurerm_key_vault_secret.sql_conn: Creation complete after 7s [id=https://vaultvuln08.vault.azure.net/secrets/sql-connection/7d190b83fb4c448fb6dbb63b5223b52d][0m
[0m[1mmodule.baseline.azurerm_linux_function_app.functionapp: Creating...[0m[0m
[0m[1mmodule.baseline.azurerm_monitor_diagnostic_setting.sql[0]: Still creating... [00m10s elapsed][0m[0m
[0m[1mmodule.baseline.azurerm_linux_function_app.functionapp: Still creating... [00m10s elapsed][0m[0m
[0m[1mmodule.baseline.azurerm_monitor_diagnostic_setting.sql[0]: Still creating... [00m20s elapsed][0m[0m
[0m[1mmodule.baseline.azurerm_linux_function_app.functionapp: Still creating... [00m20s elapsed][0m[0m
[0m[1mmodule.baseline.azurerm_monitor_diagnostic_setting.sql[0]: Creation complete after 29s [id=/subscriptions/11635850-6fa9-4838-abb6-49352629e098/resourceGroups/rg-vuln08/providers/Microsoft.Sql/servers/sqlvuln08server/databases/mssqlvuln08db|diag-sql][0m
[0m[1mmodule.baseline.azurerm_linux_function_app.functionapp: Still creating... [00m30s elapsed][0m[0m
[0m[1mmodule.baseline.azurerm_linux_function_app.functionapp: Still creating... [00m40s elapsed][0m[0m
[0m[1mmodule.baseline.azurerm_linux_function_app.functionapp: Still creating... [00m50s elapsed][0m[0m
[0m[1mmodule.baseline.azurerm_linux_function_app.functionapp: Still creating... [01m00s elapsed][0m[0m
[0m[1mmodule.baseline.azurerm_linux_function_app.functionapp: Still creating... [01m10s elapsed][0m[0m
[0m[1mmodule.baseline.azurerm_linux_function_app.functionapp: Still creating... [01m20s elapsed][0m[0m
[0m[1mmodule.baseline.azurerm_linux_function_app.functionapp: Still creating... [01m30s elapsed][0m[0m
[0m[1mmodule.baseline.azurerm_linux_function_app.functionapp: Still creating... [01m40s elapsed][0m[0m
[0m[1mmodule.baseline.azurerm_linux_function_app.functionapp: Creation complete after 1m45s [id=/subscriptions/11635850-6fa9-4838-abb6-49352629e098/resourceGroups/rg-vuln08/providers/Microsoft.Web/sites/functionvuln08app][0m
[0m[1mmodule.baseline.azurerm_key_vault_access_policy.functionapp: Creating...[0m[0m
[0m[1mmodule.baseline.azurerm_role_assignment.func_identity: Creating...[0m[0m
[0m[1mmodule.baseline.azurerm_role_assignment.func_identity: Still creating... [00m10s elapsed][0m[0m
[0m[1mmodule.baseline.azurerm_key_vault_access_policy.functionapp: Still creating... [00m10s elapsed][0m[0m
[0m[1mmodule.baseline.azurerm_key_vault_access_policy.functionapp: Creation complete after 18s [id=/subscriptions/11635850-6fa9-4838-abb6-49352629e098/resourceGroups/rg-vuln08/providers/Microsoft.KeyVault/vaults/vaultvuln08/objectId/94bce24c-84a5-448a-86a0-a76ec1061408][0m
[0m[1mmodule.baseline.azurerm_role_assignment.func_identity: Still creating... [00m20s elapsed][0m[0m
[0m[1mmodule.baseline.azurerm_role_assignment.func_identity: Still creating... [00m30s elapsed][0m[0m
[0m[1mmodule.baseline.azurerm_role_assignment.func_identity: Still creating... [00m40s elapsed][0m[0m
[0m[1mmodule.baseline.azurerm_role_assignment.func_identity: Creation complete after 44s [id=/subscriptions/11635850-6fa9-4838-abb6-49352629e098/resourceGroups/rg-vuln08/providers/Microsoft.Authorization/roleAssignments/2466d2d6-8669-9898-ff92-d89f6db0f127][0m
[33m╷[0m[0m
[33m│[0m [0m[1m[33mWarning: [0m[0m[1mArgument is deprecated[0m
[33m│[0m [0m
[33m│[0m [0m[0m  with module.baseline.azurerm_key_vault.vault,
[33m│[0m [0m  on ..\..\modules\baseline\main.tf line 55, in resource "azurerm_key_vault" "vault":
[33m│[0m [0m  55:   enable_rbac_authorization   = [4mfalse[0m[0m
[33m│[0m [0m
[33m│[0m [0mThis property has been renamed to `rbac_authorization_enabled` and will be
[33m│[0m [0mremoved in v5.0 of the provider
[33m│[0m [0m
[33m│[0m [0m(and one more similar warning elsewhere)
[33m╵[0m[0m
Releasing state lock. This may take a few moments...
[0m[1m[32m
Apply complete! Resources: 27 added, 0 changed, 0 destroyed.[0m
