Acquiring state lock. This may take a few moments...
[0m[1mmodule.baseline.azuread_application_password.payments: Destroying... [id=c072f467-f7a8-4c85-bea9-e8178bdff049/password/7b4c39dc-ddc4-49eb-8585-4444b475ef0b][0m[0m
[0m[1mmodule.baseline.azuread_application_password.payments: Still destroying... [id=c072f467-f7a8-4c85-bea9-e8178bdff049/pa...d/7b4c39dc-ddc4-49eb-8585-4444b475ef0b, 00m10s elapsed][0m[0m
[0m[1mmodule.baseline.azurerm_monitor_diagnostic_setting.sql[0]: Modifying... [id=/subscriptions/11635850-6fa9-4838-abb6-49352629e098/resourceGroups/rg-vuln02/providers/Microsoft.Sql/servers/sqlvuln02server/databases/mssqlvuln02db|diag-sql][0m[0m
[0m[1mmodule.baseline.azurerm_storage_account.data: Modifying... [id=/subscriptions/11635850-6fa9-4838-abb6-49352629e098/resourceGroups/rg-vuln02/providers/Microsoft.Storage/storageAccounts/stvuln02data][0m[0m
[0m[1mmodule.baseline.azurerm_monitor_diagnostic_setting.sql[0]: Modifications complete after 6s [id=/subscriptions/11635850-6fa9-4838-abb6-49352629e098/resourceGroups/rg-vuln02/providers/Microsoft.Sql/servers/sqlvuln02server/databases/mssqlvuln02db|diag-sql][0m
[0m[1mmodule.baseline.azuread_application_password.payments: Still destroying... [id=c072f467-f7a8-4c85-bea9-e8178bdff049/pa...d/7b4c39dc-ddc4-49eb-8585-4444b475ef0b, 00m20s elapsed][0m[0m
[0m[1mmodule.baseline.azuread_application_password.payments: Destruction complete after 22s[0m
[0m[1mmodule.baseline.azuread_application_password.payments: Creating...[0m[0m
[0m[1mmodule.baseline.azurerm_storage_account.data: Still modifying... [id=/subscriptions/11635850-6fa9-4838-abb6-...t.Storage/storageAccounts/stvuln02data, 00m10s elapsed][0m[0m
[0m[1mmodule.baseline.azuread_application_password.payments: Creation complete after 5s [id=c072f467-f7a8-4c85-bea9-e8178bdff049/password/068fa0b6-e764-43b2-af09-fe63bfb10dc1][0m
[0m[1mmodule.baseline.azurerm_storage_account.data: Modifications complete after 16s [id=/subscriptions/11635850-6fa9-4838-abb6-49352629e098/resourceGroups/rg-vuln02/providers/Microsoft.Storage/storageAccounts/stvuln02data][0m
[33m╷[0m[0m
[33m│[0m [0m[1m[33mWarning: [0m[0m[1mValue for undeclared variable[0m
[33m│[0m [0m
[33m│[0m [0m[0mThe root module does not declare a variable named
[33m│[0m [0m"disable_purge_protection_for_testing" but a value was found in file
[33m│[0m [0m"terraform.tfvars". If you meant to use this value, add a "variable" block
[33m│[0m [0mto the configuration.
[33m│[0m [0m
[33m│[0m [0mTo silence these warnings, use TF_VAR_... environment variables to provide
[33m│[0m [0mcertain "global" settings to all configurations in your organization. To
[33m│[0m [0mreduce the verbosity of these warnings, use the -compact-warnings option.
[33m╵[0m[0m
[33m╷[0m[0m
[33m│[0m [0m[1m[33mWarning: [0m[0m[1mArgument is deprecated[0m
[33m│[0m [0m
[33m│[0m [0m[0m  with module.baseline.azurerm_monitor_diagnostic_setting.sql[0],
[33m│[0m [0m  on ../../modules/baseline/main.tf line 306, in resource "azurerm_monitor_diagnostic_setting" "sql":
[33m│[0m [0m 306: resource "azurerm_monitor_diagnostic_setting" "sql" [4m{[0m[0m
[33m│[0m [0m
[33m│[0m [0m`metric` has been deprecated in favour of the `enabled_metric` property and
[33m│[0m [0mwill be removed in v5.0 of the AzureRM provider
[33m╵[0m[0m
Releasing state lock. This may take a few moments...
[0m[1m[32m
Apply complete! Resources: 1 added, 2 changed, 1 destroyed.[0m
