Acquiring state lock. This may take a few moments...
[0m[1mmodule.baseline.random_password.sql: Creating...[0m[0m
[0m[1mmodule.baseline.random_password.sql: Creation complete after 1s [id=none][0m
[0m[1mmodule.baseline.azuread_application.payments: Creating...[0m[0m
[0m[1mmodule.baseline.azuread_application.payments: Creation complete after 2s [id=/applications/e8bdbd21-ba20-45ba-b20f-c6cb72dcdccf][0m
[0m[1mmodule.baseline.azuread_application_password.payments: Creating...[0m[0m
[0m[1mmodule.baseline.azuread_service_principal.payments: Creating...[0m[0m
[0m[1mmodule.baseline.azuread_service_principal.payments: Creation complete after 3s [id=/servicePrincipals/bf7a9fad-7e79-43ba-ab6b-993e44306666][0m
[0m[1mmodule.baseline.azuread_application_password.payments: Creation complete after 6s [id=e8bdbd21-ba20-45ba-b20f-c6cb72dcdccf/password/9eb1dd75-7bad-45c0-8bf7-3a3bebf4e88c][0m
[0m[1mmodule.baseline.azurerm_resource_group.rg: Creating...[0m[0m
[0m[1mmodule.baseline.azurerm_resource_group.rg: Still creating... [00m10s elapsed][0m[0m
[0m[1mmodule.baseline.azurerm_resource_group.rg: Still creating... [00m20s elapsed][0m[0m
[0m[1mmodule.baseline.azurerm_resource_group.rg: Creation complete after 25s [id=/subscriptions/11635850-6fa9-4838-abb6-49352629e098/resourceGroups/rg-vuln02][0m
[0m[1mmodule.baseline.azurerm_role_assignment.sp_payments: Creating...[0m[0m
[0m[1mmodule.baseline.azurerm_service_plan.serviceplan: Creating...[0m[0m
[0m[1mmodule.baseline.azurerm_virtual_network.vnet: Creating...[0m[0m
[0m[1mmodule.baseline.azurerm_network_security_group.nsg: Creating...[0m[0m
[0m[1mmodule.baseline.azurerm_user_assigned_identity.storage: Creating...[0m[0m
[0m[1mmodule.baseline.azurerm_key_vault.vault: Creating...[0m[0m
[0m[1mmodule.baseline.azurerm_log_analytics_workspace.law: Creating...[0m[0m
[0m[1mmodule.baseline.azurerm_mssql_server.sqlserver: Creating...[0m[0m
[0m[1mmodule.baseline.azurerm_storage_account.logs: Creating...[0m[0m
[0m[1mmodule.baseline.azurerm_user_assigned_identity.storage: Creation complete after 3s [id=/subscriptions/11635850-6fa9-4838-abb6-49352629e098/resourceGroups/rg-vuln02/providers/Microsoft.ManagedIdentity/userAssignedIdentities/uai-vuln02-storage][0m
[0m[1mmodule.baseline.azurerm_network_security_group.nsg: Creation complete after 3s [id=/subscriptions/11635850-6fa9-4838-abb6-49352629e098/resourceGroups/rg-vuln02/providers/Microsoft.Network/networkSecurityGroups/nsg-app][0m
[0m[1mmodule.baseline.azurerm_storage_account.data: Creating...[0m[0m
[0m[1mmodule.baseline.azurerm_virtual_network.vnet: Creation complete after 6s [id=/subscriptions/11635850-6fa9-4838-abb6-49352629e098/resourceGroups/rg-vuln02/providers/Microsoft.Network/virtualNetworks/vnet-payments][0m
[0m[1mmodule.baseline.azurerm_subnet.snet: Creating...[0m[0m
[0m[1mmodule.baseline.azurerm_role_assignment.sp_payments: Still creating... [00m10s elapsed][0m[0m
[0m[1mmodule.baseline.azurerm_service_plan.serviceplan: Still creating... [00m10s elapsed][0m[0m
[0m[1mmodule.baseline.azurerm_key_vault.vault: Still creating... [00m10s elapsed][0m[0m
[0m[1mmodule.baseline.azurerm_log_analytics_workspace.law: Still creating... [00m10s elapsed][0m[0m
[0m[1mmodule.baseline.azurerm_mssql_server.sqlserver: Still creating... [00m10s elapsed][0m[0m
[0m[1mmodule.baseline.azurerm_storage_account.logs: Still creating... [00m10s elapsed][0m[0m
[0m[1mmodule.baseline.azurerm_subnet.snet: Creation complete after 7s [id=/subscriptions/11635850-6fa9-4838-abb6-49352629e098/resourceGroups/rg-vuln02/providers/Microsoft.Network/virtualNetworks/vnet-payments/subnets/snet-app][0m
[0m[1mmodule.baseline.azurerm_subnet_network_security_group_association.app: Creating...[0m[0m
[0m[1mmodule.baseline.azurerm_storage_account.data: Still creating... [00m10s elapsed][0m[0m
[0m[1mmodule.baseline.azurerm_subnet_network_security_group_association.app: Creation complete after 6s [id=/subscriptions/11635850-6fa9-4838-abb6-49352629e098/resourceGroups/rg-vuln02/providers/Microsoft.Network/virtualNetworks/vnet-payments/subnets/snet-app][0m
[0m[1mmodule.baseline.azurerm_role_assignment.sp_payments: Still creating... [00m20s elapsed][0m[0m
[0m[1mmodule.baseline.azurerm_service_plan.serviceplan: Still creating... [00m20s elapsed][0m[0m
[0m[1mmodule.baseline.azurerm_key_vault.vault: Still creating... [00m20s elapsed][0m[0m
[0m[1mmodule.baseline.azurerm_log_analytics_workspace.law: Still creating... [00m20s elapsed][0m[0m
[0m[1mmodule.baseline.azurerm_mssql_server.sqlserver: Still creating... [00m20s elapsed][0m[0m
[0m[1mmodule.baseline.azurerm_storage_account.logs: Still creating... [00m20s elapsed][0m[0m
[0m[1mmodule.baseline.azurerm_service_plan.serviceplan: Creation complete after 21s [id=/subscriptions/11635850-6fa9-4838-abb6-49352629e098/resourceGroups/rg-vuln02/providers/Microsoft.Web/serverFarms/appvuln02service][0m
[0m[1mmodule.baseline.azurerm_storage_account.data: Still creating... [00m20s elapsed][0m[0m
[0m[1mmodule.baseline.azurerm_role_assignment.sp_payments: Creation complete after 29s [id=/subscriptions/11635850-6fa9-4838-abb6-49352629e098/resourceGroups/rg-vuln02/providers/Microsoft.Authorization/roleAssignments/9b40999b-1018-0276-0730-3890f6a8390b][0m
[0m[1mmodule.baseline.azurerm_key_vault.vault: Still creating... [00m30s elapsed][0m[0m
[0m[1mmodule.baseline.azurerm_log_analytics_workspace.law: Still creating... [00m30s elapsed][0m[0m
[0m[1mmodule.baseline.azurerm_mssql_server.sqlserver: Still creating... [00m30s elapsed][0m[0m
[0m[1mmodule.baseline.azurerm_storage_account.logs: Still creating... [00m30s elapsed][0m[0m
[0m[1mmodule.baseline.azurerm_storage_account.data: Still creating... [00m30s elapsed][0m[0m
[0m[1mmodule.baseline.azurerm_key_vault.vault: Still creating... [00m40s elapsed][0m[0m
[0m[1mmodule.baseline.azurerm_log_analytics_workspace.law: Still creating... [00m40s elapsed][0m[0m
[0m[1mmodule.baseline.azurerm_mssql_server.sqlserver: Still creating... [00m40s elapsed][0m[0m
[0m[1mmodule.baseline.azurerm_storage_account.logs: Still creating... [00m40s elapsed][0m[0m
[0m[1mmodule.baseline.azurerm_storage_account.data: Still creating... [00m40s elapsed][0m[0m
[0m[1mmodule.baseline.azurerm_log_analytics_workspace.law: Creation complete after 46s [id=/subscriptions/11635850-6fa9-4838-abb6-49352629e098/resourceGroups/rg-vuln02/providers/Microsoft.OperationalInsights/workspaces/law-vuln02][0m
[0m[1mmodule.baseline.azurerm_key_vault.vault: Still creating... [00m50s elapsed][0m[0m
[0m[1mmodule.baseline.azurerm_mssql_server.sqlserver: Still creating... [00m50s elapsed][0m[0m
[0m[1mmodule.baseline.azurerm_storage_account.logs: Still creating... [00m50s elapsed][0m[0m
[0m[1mmodule.baseline.azurerm_storage_account.data: Still creating... [00m50s elapsed][0m[0m
[0m[1mmodule.baseline.azurerm_key_vault.vault: Still creating... [01m00s elapsed][0m[0m
[0m[1mmodule.baseline.azurerm_mssql_server.sqlserver: Still creating... [01m00s elapsed][0m[0m
[0m[1mmodule.baseline.azurerm_storage_account.logs: Still creating... [01m00s elapsed][0m[0m
[0m[1mmodule.baseline.azurerm_storage_account.data: Still creating... [01m00s elapsed][0m[0m
[0m[1mmodule.baseline.azurerm_key_vault.vault: Still creating... [01m10s elapsed][0m[0m
[0m[1mmodule.baseline.azurerm_mssql_server.sqlserver: Still creating... [01m10s elapsed][0m[0m
[0m[1mmodule.baseline.azurerm_storage_account.logs: Still creating... [01m10s elapsed][0m[0m
[0m[1mmodule.baseline.azurerm_storage_account.data: Still creating... [01m10s elapsed][0m[0m
[0m[1mmodule.baseline.azurerm_storage_account.logs: Creation complete after 1m18s [id=/subscriptions/11635850-6fa9-4838-abb6-49352629e098/resourceGroups/rg-vuln02/providers/Microsoft.Storage/storageAccounts/stvuln02logs][0m
[0m[1mmodule.baseline.azurerm_key_vault.vault: Still creating... [01m20s elapsed][0m[0m
[0m[1mmodule.baseline.azurerm_mssql_server.sqlserver: Still creating... [01m20s elapsed][0m[0m
[0m[1mmodule.baseline.azurerm_storage_account.data: Creation complete after 1m19s [id=/subscriptions/11635850-6fa9-4838-abb6-49352629e098/resourceGroups/rg-vuln02/providers/Microsoft.Storage/storageAccounts/stvuln02data][0m
[0m[1mmodule.baseline.azurerm_mssql_server.sqlserver: Creation complete after 1m24s [id=/subscriptions/11635850-6fa9-4838-abb6-49352629e098/resourceGroups/rg-vuln02/providers/Microsoft.Sql/servers/sqlvuln02server][0m
[0m[1mmodule.baseline.azurerm_mssql_database.mssqldb: Creating...[0m[0m
[0m[1mmodule.baseline.azurerm_key_vault.vault: Still creating... [01m30s elapsed][0m[0m
[0m[1mmodule.baseline.azurerm_mssql_database.mssqldb: Still creating... [00m10s elapsed][0m[0m
[0m[1mmodule.baseline.azurerm_key_vault.vault: Still creating... [01m40s elapsed][0m[0m
[0m[1mmodule.baseline.azurerm_mssql_database.mssqldb: Still creating... [00m20s elapsed][0m[0m
[0m[1mmodule.baseline.azurerm_key_vault.vault: Still creating... [01m50s elapsed][0m[0m
[0m[1mmodule.baseline.azurerm_mssql_database.mssqldb: Still creating... [00m30s elapsed][0m[0m
[0m[1mmodule.baseline.azurerm_key_vault.vault: Still creating... [02m00s elapsed][0m[0m
[0m[1mmodule.baseline.azurerm_mssql_database.mssqldb: Still creating... [00m40s elapsed][0m[0m
[0m[1mmodule.baseline.azurerm_key_vault.vault: Still creating... [02m10s elapsed][0m[0m
[0m[1mmodule.baseline.azurerm_mssql_database.mssqldb: Still creating... [00m50s elapsed][0m[0m
[0m[1mmodule.baseline.azurerm_key_vault.vault: Creation complete after 2m19s [id=/subscriptions/11635850-6fa9-4838-abb6-49352629e098/resourceGroups/rg-vuln02/providers/Microsoft.KeyVault/vaults/vaultvuln02][0m
[0m[1mmodule.baseline.azurerm_monitor_diagnostic_setting.kv[0]: Creating...[0m[0m
[0m[1mmodule.baseline.azurerm_key_vault_access_policy.terraform_client: Creating...[0m[0m
[0m[1mmodule.baseline.azurerm_key_vault_access_policy.storage_uai: Creating...[0m[0m
[0m[1mmodule.baseline.azurerm_mssql_database.mssqldb: Still creating... [01m00s elapsed][0m[0m
[0m[1mmodule.baseline.azurerm_monitor_diagnostic_setting.kv[0]: Still creating... [00m10s elapsed][0m[0m
[0m[1mmodule.baseline.azurerm_key_vault_access_policy.terraform_client: Still creating... [00m10s elapsed][0m[0m
[0m[1mmodule.baseline.azurerm_key_vault_access_policy.storage_uai: Still creating... [00m10s elapsed][0m[0m
[0m[1mmodule.baseline.azurerm_key_vault_access_policy.terraform_client: Creation complete after 11s [id=/subscriptions/11635850-6fa9-4838-abb6-49352629e098/resourceGroups/rg-vuln02/providers/Microsoft.KeyVault/vaults/vaultvuln02/objectId/962419b0-2ba9-46d2-8915-2601f7a156c9][0m
[0m[1mmodule.baseline.time_sleep.wait_for_kv_policy: Creating...[0m[0m
[0m[1mmodule.baseline.azurerm_mssql_database.mssqldb: Still creating... [01m10s elapsed][0m[0m
[0m[1mmodule.baseline.azurerm_monitor_diagnostic_setting.kv[0]: Creation complete after 16s [id=/subscriptions/11635850-6fa9-4838-abb6-49352629e098/resourceGroups/rg-vuln02/providers/Microsoft.KeyVault/vaults/vaultvuln02|diag-kv][0m
[0m[1mmodule.baseline.azurerm_key_vault_access_policy.storage_uai: Creation complete after 19s [id=/subscriptions/11635850-6fa9-4838-abb6-49352629e098/resourceGroups/rg-vuln02/providers/Microsoft.KeyVault/vaults/vaultvuln02/objectId/2c8da31e-f447-4fb5-889a-4f8306643c22][0m
[0m[1mmodule.baseline.time_sleep.wait_for_kv_policy: Still creating... [00m10s elapsed][0m[0m
[0m[1mmodule.baseline.azurerm_mssql_database.mssqldb: Still creating... [01m20s elapsed][0m[0m
[0m[1mmodule.baseline.time_sleep.wait_for_kv_policy: Still creating... [00m20s elapsed][0m[0m
[0m[1mmodule.baseline.azurerm_mssql_database.mssqldb: Still creating... [01m30s elapsed][0m[0m
[0m[1mmodule.baseline.time_sleep.wait_for_kv_policy: Still creating... [00m30s elapsed][0m[0m
[0m[1mmodule.baseline.time_sleep.wait_for_kv_policy: Creation complete after 30s [id=2026-08-04T02:42:55Z][0m
[0m[1mmodule.baseline.azurerm_key_vault_secret.sql_conn: Creating...[0m[0m
[0m[1mmodule.baseline.azurerm_key_vault_key.cmk[0]: Creating...[0m[0m
[0m[1mmodule.baseline.azurerm_mssql_database.mssqldb: Still creating... [01m40s elapsed][0m[0m
[0m[1mmodule.baseline.azurerm_key_vault_secret.sql_conn: Still creating... [00m10s elapsed][0m[0m
[0m[1mmodule.baseline.azurerm_key_vault_key.cmk[0]: Still creating... [00m10s elapsed][0m[0m
[0m[1mmodule.baseline.azurerm_mssql_database.mssqldb: Still creating... [01m50s elapsed][0m[0m
[0m[1mmodule.baseline.azurerm_key_vault_secret.sql_conn: Still creating... [00m20s elapsed][0m[0m
[0m[1mmodule.baseline.azurerm_key_vault_key.cmk[0]: Still creating... [00m20s elapsed][0m[0m
[0m[1mmodule.baseline.azurerm_mssql_database.mssqldb: Still creating... [02m00s elapsed][0m[0m
[0m[1mmodule.baseline.azurerm_key_vault_secret.sql_conn: Still creating... [00m30s elapsed][0m[0m
[0m[1mmodule.baseline.azurerm_key_vault_key.cmk[0]: Still creating... [00m30s elapsed][0m[0m
[0m[1mmodule.baseline.azurerm_mssql_database.mssqldb: Still creating... [02m10s elapsed][0m[0m
[0m[1mmodule.baseline.azurerm_key_vault_secret.sql_conn: Still creating... [00m40s elapsed][0m[0m
[0m[1mmodule.baseline.azurerm_key_vault_key.cmk[0]: Still creating... [00m40s elapsed][0m[0m
[0m[1mmodule.baseline.azurerm_mssql_database.mssqldb: Still creating... [02m20s elapsed][0m[0m
[0m[1mmodule.baseline.azurerm_mssql_database.mssqldb: Creation complete after 2m26s [id=/subscriptions/11635850-6fa9-4838-abb6-49352629e098/resourceGroups/rg-vuln02/providers/Microsoft.Sql/servers/sqlvuln02server/databases/mssqlvuln02db][0m
[0m[1mmodule.baseline.azurerm_monitor_diagnostic_setting.sql[0]: Creating...[0m[0m
[0m[1mmodule.baseline.azurerm_key_vault_key.cmk[0]: Still creating... [00m50s elapsed][0m[0m
[0m[1mmodule.baseline.azurerm_key_vault_secret.sql_conn: Still creating... [00m50s elapsed][0m[0m
[0m[1mmodule.baseline.azurerm_monitor_diagnostic_setting.sql[0]: Still creating... [00m10s elapsed][0m[0m
[0m[1mmodule.baseline.azurerm_key_vault_key.cmk[0]: Still creating... [01m00s elapsed][0m[0m
[0m[1mmodule.baseline.azurerm_key_vault_secret.sql_conn: Still creating... [01m00s elapsed][0m[0m
[0m[1mmodule.baseline.azurerm_monitor_diagnostic_setting.sql[0]: Creation complete after 20s [id=/subscriptions/11635850-6fa9-4838-abb6-49352629e098/resourceGroups/rg-vuln02/providers/Microsoft.Sql/servers/sqlvuln02server/databases/mssqlvuln02db|diag-sql][0m
[0m[1mmodule.baseline.azurerm_key_vault_key.cmk[0]: Still creating... [01m10s elapsed][0m[0m
[0m[1mmodule.baseline.azurerm_key_vault_secret.sql_conn: Still creating... [01m10s elapsed][0m[0m
[0m[1mmodule.baseline.azurerm_key_vault_secret.sql_conn: Still creating... [01m20s elapsed][0m[0m
[0m[1mmodule.baseline.azurerm_key_vault_key.cmk[0]: Still creating... [01m20s elapsed][0m[0m
[0m[1mmodule.baseline.azurerm_key_vault_secret.sql_conn: Still creating... [01m30s elapsed][0m[0m
[0m[1mmodule.baseline.azurerm_key_vault_key.cmk[0]: Still creating... [01m30s elapsed][0m[0m
[0m[1mmodule.baseline.azurerm_key_vault_key.cmk[0]: Still creating... [01m40s elapsed][0m[0m
[0m[1mmodule.baseline.azurerm_key_vault_secret.sql_conn: Still creating... [01m40s elapsed][0m[0m
[0m[1mmodule.baseline.azurerm_key_vault_secret.sql_conn: Still creating... [01m50s elapsed][0m[0m
[0m[1mmodule.baseline.azurerm_key_vault_key.cmk[0]: Still creating... [01m50s elapsed][0m[0m
[0m[1mmodule.baseline.azurerm_key_vault_key.cmk[0]: Still creating... [02m00s elapsed][0m[0m
[0m[1mmodule.baseline.azurerm_key_vault_secret.sql_conn: Still creating... [02m00s elapsed][0m[0m
[0m[1mmodule.baseline.azurerm_key_vault_secret.sql_conn: Creation complete after 2m3s [id=https://vaultvuln02.vault.azure.net/secrets/sql-connection/82aa32efb3b64847912526aedef72746][0m
[0m[1mmodule.baseline.azurerm_key_vault_key.cmk[0]: Creation complete after 2m3s [id=https://vaultvuln02.vault.azure.net/keys/cmk-storage/30ec951992914901a911a523beb6eb24][0m
[0m[1mmodule.baseline.azurerm_storage_account_customer_managed_key.data[0]: Creating...[0m[0m
[0m[1mmodule.baseline.azurerm_linux_function_app.functionapp: Creating...[0m[0m
[0m[1mmodule.baseline.azurerm_storage_account_customer_managed_key.data[0]: Creation complete after 3s [id=/subscriptions/11635850-6fa9-4838-abb6-49352629e098/resourceGroups/rg-vuln02/providers/Microsoft.Storage/storageAccounts/stvuln02data][0m
[0m[1mmodule.baseline.azurerm_linux_function_app.functionapp: Still creating... [00m10s elapsed][0m[0m
[0m[1mmodule.baseline.azurerm_linux_function_app.functionapp: Still creating... [00m20s elapsed][0m[0m
[0m[1mmodule.baseline.azurerm_linux_function_app.functionapp: Still creating... [00m30s elapsed][0m[0m
[0m[1mmodule.baseline.azurerm_linux_function_app.functionapp: Still creating... [00m40s elapsed][0m[0m
[0m[1mmodule.baseline.azurerm_linux_function_app.functionapp: Still creating... [00m50s elapsed][0m[0m
[0m[1mmodule.baseline.azurerm_linux_function_app.functionapp: Still creating... [01m00s elapsed][0m[0m
[0m[1mmodule.baseline.azurerm_linux_function_app.functionapp: Still creating... [01m10s elapsed][0m[0m
[0m[1mmodule.baseline.azurerm_linux_function_app.functionapp: Creation complete after 1m12s [id=/subscriptions/11635850-6fa9-4838-abb6-49352629e098/resourceGroups/rg-vuln02/providers/Microsoft.Web/sites/functionvuln02app][0m
[0m[1mmodule.baseline.azurerm_key_vault_access_policy.functionapp: Creating...[0m[0m
[0m[1mmodule.baseline.azurerm_role_assignment.func_identity: Creating...[0m[0m
[0m[1mmodule.baseline.azurerm_key_vault_access_policy.functionapp: Creation complete after 9s [id=/subscriptions/11635850-6fa9-4838-abb6-49352629e098/resourceGroups/rg-vuln02/providers/Microsoft.KeyVault/vaults/vaultvuln02/objectId/aed76b66-fcf0-4c76-b695-854c8f7964ac][0m
[0m[1mmodule.baseline.azurerm_role_assignment.func_identity: Still creating... [00m10s elapsed][0m[0m
[0m[1mmodule.baseline.azurerm_role_assignment.func_identity: Still creating... [00m20s elapsed][0m[0m
[0m[1mmodule.baseline.azurerm_role_assignment.func_identity: Creation complete after 25s [id=/subscriptions/11635850-6fa9-4838-abb6-49352629e098/providers/Microsoft.Authorization/roleAssignments/9ea3beb0-aed7-19d4-a9ec-2f897cd84ad3][0m
[33m╷[0m[0m
[33m│[0m [0m[1m[33mWarning: [0m[0m[1mValue for undeclared variable[0m
[33m│[0m [0m
[33m│[0m [0m[0mThe root module does not declare a variable named
[33m│[0m [0m"disable_purge_protection_for_testing" but a value was found in file
[33m│[0m [0m"terraform.tfvars". If you meant to use this value, add a "variable" block
[33m│[0m [0mto the configuration.
[33m│[0m [0m
[33m│[0m [0mTo silence these warnings, use TF_VAR_... environment variables to provide
[33m│[0m [0mcertain "global" settings to all configurations in your organization. To
[33m│[0m [0mreduce the verbosity of these warnings, use the -compact-warnings option.
[33m╵[0m[0m
[33m╷[0m[0m
[33m│[0m [0m[1m[33mWarning: [0m[0m[1mArgument is deprecated[0m
[33m│[0m [0m
[33m│[0m [0m[0m  with module.baseline.azurerm_key_vault.vault,
[33m│[0m [0m  on ../../modules/baseline/main.tf line 55, in resource "azurerm_key_vault" "vault":
[33m│[0m [0m  55:   enable_rbac_authorization   = [4mfalse[0m[0m
[33m│[0m [0m
[33m│[0m [0mThis property has been renamed to `rbac_authorization_enabled` and will be
[33m│[0m [0mremoved in v5.0 of the provider
[33m│[0m [0m
[33m│[0m [0m(and 3 more similar warnings elsewhere)
[33m╵[0m[0m
Releasing state lock. This may take a few moments...
[0m[1m[32m
Apply complete! Resources: 29 added, 0 changed, 0 destroyed.[0m
