Acquiring state lock. This may take a few moments...
[0m[1mmodule.baseline.azuread_application_password.payments: Destroying... [id=27cc07ed-84ed-4e46-a109-eb513b664144/password/dc73af9c-847b-42e4-b0ec-1a031ba5b5b7][0m[0m
[0m[1mmodule.baseline.azurerm_storage_account.data: Modifying... [id=/subscriptions/11635850-6fa9-4838-abb6-49352629e098/resourceGroups/rg-vuln07/providers/Microsoft.Storage/storageAccounts/stvuln07data][0m[0m
[0m[1mmodule.baseline.azuread_application_password.payments: Still destroying... [id=27cc07ed-84ed-4e46-a109-eb513b664144/pa...d/dc73af9c-847b-42e4-b0ec-1a031ba5b5b7, 00m10s elapsed][0m[0m
[0m[1mmodule.baseline.azurerm_storage_account.data: Still modifying... [id=/subscriptions/11635850-6fa9-4838-abb6-...t.Storage/storageAccounts/stvuln07data, 00m10s elapsed][0m[0m
[0m[1mmodule.baseline.azuread_application_password.payments: Still destroying... [id=27cc07ed-84ed-4e46-a109-eb513b664144/pa...d/dc73af9c-847b-42e4-b0ec-1a031ba5b5b7, 00m20s elapsed][0m[0m
[0m[1mmodule.baseline.azuread_application_password.payments: Destruction complete after 21s[0m
[0m[1mmodule.baseline.azuread_application_password.payments: Creating...[0m[0m
[0m[1mmodule.baseline.azurerm_storage_account.data: Still modifying... [id=/subscriptions/11635850-6fa9-4838-abb6-...t.Storage/storageAccounts/stvuln07data, 00m20s elapsed][0m[0m
[0m[1mmodule.baseline.azuread_application_password.payments: Creation complete after 6s [id=27cc07ed-84ed-4e46-a109-eb513b664144/password/3ea78383-85d2-4de6-89bc-d185bd82c2d5][0m
[0m[1mmodule.baseline.azurerm_storage_account.data: Modifications complete after 29s [id=/subscriptions/11635850-6fa9-4838-abb6-49352629e098/resourceGroups/rg-vuln07/providers/Microsoft.Storage/storageAccounts/stvuln07data][0m
[33m╷[0m[0m
[33m│[0m [0m[1m[33mWarning: [0m[0m[1mValue for undeclared variable[0m
[33m│[0m [0m
[33m│[0m [0m[0mThe root module does not declare a variable named
[33m│[0m [0m"disable_purge_protection_for_testing" but a value was found in file
[33m│[0m [0m"terraform.tfvars". If you meant to use this value, add a "variable" block
[33m│[0m [0mto the configuration.
[33m│[0m [0m
[33m│[0m [0mTo silence these warnings, use TF_VAR_... environment variables to provide
[33m│[0m [0mcertain "global" settings to all configurations in your organization. To
[33m│[0m [0mreduce the verbosity of these warnings, use the -compact-warnings option.
[33m╵[0m[0m
Releasing state lock. This may take a few moments...
[0m[1m[32m
Apply complete! Resources: 1 added, 1 changed, 1 destroyed.[0m
